###############################################################################
#
# IAR ELF Linker V8.40.1.212/W32 for ARM                  24/Jan/2022  17:00:07
# Copyright 2007-2019 IAR Systems AB.
#
#    Output file                  =
#        D:\tuyaOS\tuya-zigbee-sdk-mg21\app\simple_contact_sensor\EFR32MG21A020F768\build\exe\sdk_route.out
#    Map file                     =
#        D:\tuyaOS\tuya-zigbee-sdk-mg21\app\simple_contact_sensor\EFR32MG21A020F768\build\lst\sdk_route.map
#    Import CMSE library file out =
#        D:\tuyaOS\tuya-zigbee-sdk-mg21\app\simple_contact_sensor\EFR32MG21A020F768\build\exe\tuya_sdk_import_lib.o
#    Command line                 =
#        -f C:\Users\Answer\AppData\Local\Temp\EW33BE.tmp
#        (D:\tuyaOS\tuya-zigbee-sdk-mg21\app\simple_contact_sensor\EFR32MG21A020F768\build\obj\app_common.o
#        D:\tuyaOS\tuya-zigbee-sdk-mg21\lib\iar_lib\EFR32MG21A020F768\binding-table-library.a
#        D:\tuyaOS\tuya-zigbee-sdk-mg21\lib\iar_lib\EFR32MG21A020F768\cbke-163k1-stub-library.a
#        D:\tuyaOS\tuya-zigbee-sdk-mg21\lib\iar_lib\EFR32MG21A020F768\cbke-283k1-stub-library.a
#        D:\tuyaOS\tuya-zigbee-sdk-mg21\lib\iar_lib\EFR32MG21A020F768\cbke-library-dsa-sign-stub.a
#        D:\tuyaOS\tuya-zigbee-sdk-mg21\lib\iar_lib\EFR32MG21A020F768\cbke-library-dsa-verify-283k1-stub.a
#        D:\tuyaOS\tuya-zigbee-sdk-mg21\lib\iar_lib\EFR32MG21A020F768\cbke-library-dsa-verify-stub.a
#        D:\tuyaOS\tuya-zigbee-sdk-mg21\lib\iar_lib\EFR32MG21A020F768\cbke-stub-library.a
#        D:\tuyaOS\tuya-zigbee-sdk-mg21\app\simple_contact_sensor\EFR32MG21A020F768\build\obj\config.o
#        D:\tuyaOS\tuya-zigbee-sdk-mg21\lib\iar_lib\EFR32MG21A020F768\debug-basic-stub-library.a
#        D:\tuyaOS\tuya-zigbee-sdk-mg21\lib\iar_lib\EFR32MG21A020F768\debug-extended-stub-library.a
#        D:\tuyaOS\tuya-zigbee-sdk-mg21\app\simple_contact_sensor\EFR32MG21A020F768\build\obj\device_register.o
#        D:\tuyaOS\tuya-zigbee-sdk-mg21\lib\iar_lib\EFR32MG21A020F768\end-device-bind-stub-library.a
#        D:\tuyaOS\tuya-zigbee-sdk-mg21\lib\iar_lib\EFR32MG21A020F768\gp-stub-library.a
#        D:\tuyaOS\tuya-zigbee-sdk-mg21\lib\iar_lib\EFR32MG21A020F768\hal-library.a
#        D:\tuyaOS\tuya-zigbee-sdk-mg21\app\simple_contact_sensor\EFR32MG21A020F768\build\obj\ias_zone_cluster.o
#        D:\tuyaOS\tuya-zigbee-sdk-mg21\lib\iar_lib\EFR32MG21A020F768\install-code-library.a
#        D:\tuyaOS\tuya-zigbee-sdk-mg21\lib\iar_lib\EFR32MG21A020F768\libnvm3_CM33_iar.a
#        D:\tuyaOS\tuya-zigbee-sdk-mg21\lib\iar_lib\EFR32MG21A020F768\librail_efr32xg21_iar_release.a
#        D:\tuyaOS\tuya-zigbee-sdk-mg21\lib\iar_lib\EFR32MG21A020F768\mfglib-library.a
#        D:\tuyaOS\tuya-zigbee-sdk-mg21\lib\iar_lib\EFR32MG21A020F768\multi-network-stub-library.a
#        D:\tuyaOS\tuya-zigbee-sdk-mg21\lib\iar_lib\EFR32MG21A020F768\packet-validate-library.a
#        D:\tuyaOS\tuya-zigbee-sdk-mg21\lib\iar_lib\EFR32MG21A020F768\security-library-core.a
#        D:\tuyaOS\tuya-zigbee-sdk-mg21\lib\iar_lib\EFR32MG21A020F768\security-library-link-keys-stub.a
#        D:\tuyaOS\tuya-zigbee-sdk-mg21\lib\iar_lib\EFR32MG21A020F768\sim-eeprom2-to-nvm3-upgrade-stub-library.a
#        D:\tuyaOS\tuya-zigbee-sdk-mg21\app\simple_contact_sensor\EFR32MG21A020F768\build\obj\simple_contact_sensor_callback.o
#        D:\tuyaOS\tuya-zigbee-sdk-mg21\lib\iar_lib\EFR32MG21A020F768\tuya_sdk.a
#        D:\tuyaOS\tuya-zigbee-sdk-mg21\lib\iar_lib\EFR32MG21A020F768\tuya_sdk_zll_client.a
#        D:\tuyaOS\tuya-zigbee-sdk-mg21\lib\iar_lib\EFR32MG21A020F768\tuya_sdk_zll_client_server.a
#        D:\tuyaOS\tuya-zigbee-sdk-mg21\lib\iar_lib\EFR32MG21A020F768\tuya_sdk_zll_light.a
#        D:\tuyaOS\tuya-zigbee-sdk-mg21\lib\iar_lib\EFR32MG21A020F768\zigbee-pro-stack.a
#        D:\tuyaOS\tuya-zigbee-sdk-mg21\lib\iar_lib\EFR32MG21A020F768\zigbee-r22-support-stub-library.a
#        D:\tuyaOS\tuya-zigbee-sdk-mg21\lib\iar_lib\EFR32MG21A020F768\zll-library.a
#        D:\tuyaOS\tuya-zigbee-sdk-mg21\lib\iar_lib\EFR32MG21A020F768\zll-stub-library.a
#        --redirect _Printf=_PrintfSmallNoMb --redirect _Scanf=_ScanfFullNoMb
#        --no_out_extension -o
#        D:\tuyaOS\tuya-zigbee-sdk-mg21\app\simple_contact_sensor\EFR32MG21A020F768\build\exe\sdk_route.out
#        --config_def FLASH_SIZE=786432 --config_def RAM_SIZE=65536
#        --config_def SIMEEPROM_SIZE=32768 --config_def
#        LOCKBITS_IN_MAINFLASH_SIZE=8192 --config_def APP_BTL=1 --config_def
#        EMBER_MALLOC_HEAP_SIZE=10240 --map
#        D:\tuyaOS\tuya-zigbee-sdk-mg21\app\simple_contact_sensor\EFR32MG21A020F768\build\lst\sdk_route.map
#        --log initialization,modules,sections,veneers --log_file
#        D:\tuyaOS\tuya-zigbee-sdk-mg21\app\simple_contact_sensor\EFR32MG21A020F768\build\lst\sdk_route.log
#        --config
#        D:\tuyaOS\tuya-zigbee-sdk-mg21\app\simple_contact_sensor\EFR32MG21A020F768\..\..\..\tools\iar_tools\icf\main_icf\iar-cfg.icf
#        --diag_suppress Lp012 --entry __iar_program_start --no_vfe
#        --utf8_text_in --text_out utf8 --import_cmse_lib_out
#        D:\tuyaOS\tuya-zigbee-sdk-mg21\app\simple_contact_sensor\EFR32MG21A020F768\build\exe\tuya_sdk_import_lib.o)
#
###############################################################################

*******************************************************************************
*** RUNTIME MODEL ATTRIBUTES
***

CppFlavor       = *
__Heap_Handler  = DLMalloc
__SystemLibrary = DLib
__dlib_version  = 6


*******************************************************************************
*** HEAP SELECTION
***

The advanced heap was selected because the application calls memory
allocation functions outside of system library functions, and there
are calls to deallocation functions in the application.


*******************************************************************************
*** PLACEMENT SUMMARY
***

"BAT": place at address 0x0 { section BAT };
define block HEADER_block with fixed order { ro section AAT };
"HEADERS":
       place at start of [from 0x4000 to 0x41ff] { block HEADER_block };
define block APPRO_block
   with fixed order {
      ro section .intvec, ro section .textrw_init, ro section .gatt_header,
      ro section .gatt_data, ro section .text, ro section CODE,
      ro section .rodata, ro section .data_init, ro section .iar.init_table,
      ro section __DLIB_PERTHREAD_init };
"APP ro":
       place at start of [from 0x4200 to 0xb'ffff] { block APPRO_block };
"NVM&SIMEE&LOCKBITS":
       place at end of [from 0x4200 to 0xb'ffff] {
          zi section NVM, zi section SIMEE, zi section INTERNAL_STORAGE,
          zi section PSSTORE, zi section LOCKBITS_IN_MAINFLASH };
define block ALIGN_EMHEAP with alignment = 8 { rw section EMHEAP };
define block RESETHEAP
   with fixed order { rw section RESETINFO, block ALIGN_EMHEAP };
"ResetHeap":
       place at start of [from 0x2000'0000 to 0x2000'ffef] { block RESETHEAP };
"Guard":
       place in [from 0x2000'0000 to 0x2000'ffef] { rw section GUARD_REGION };
define block ALIGN_CSTACK with alignment = 8 { rw section CSTACK };
define block DLIB_PERTHREAD_INITIALIZED_DATA { rw section __DLIB_PERTHREAD };
define block DLIB_PERTHREAD_ZERO_DATA { zi section __DLIB_PERTHREAD };
define block HEAP with size = 10K, alignment = 8 { };
define block APPRW_block
   with fixed order {
      block ALIGN_CSTACK, rw section .textrw, rw section .data,
      block DLIB_PERTHREAD_INITIALIZED_DATA, block DLIB_PERTHREAD_ZERO_DATA,
      rw section .bss, rw section .noinit, block HEAP };
"APP rw":
       place at end of [from 0x2000'0000 to 0x2000'ffef] { block APPRW_block };
do not initialize {
   rw section .noinit, rw section CSTACK, rw section RESETINFO,
   rw section EMHEAP, zi section NVM, zi section SIMEE,
   zi section INTERNAL_STORAGE, zi section PSSTORE,
   zi section LOCKBITS_IN_MAINFLASH };
initialize by copy { rw };

No sections matched the following patterns:

  ro section .gatt_data             in block APPRO_block
  ro section .gatt_header           in block APPRO_block
  ro section .iar.init_table        in block APPRO_block
  ro section CODE                   in block APPRO_block
  ro section __DLIB_PERTHREAD_init  in block APPRO_block
  rw section .noinit                in block APPRW_block
  rw section DEBUG_CHANNEL          in "DEBUGCHAN"
  rw section __DLIB_PERTHREAD       in block DLIB_PERTHREAD_INITIALIZED_DATA
  zi section INTERNAL_STORAGE       in "NVM&SIMEE&LOCKBITS"
  zi section NVM                    in "NVM&SIMEE&LOCKBITS"
  zi section PSSTORE                in "NVM&SIMEE&LOCKBITS"
  zi section __DLIB_PERTHREAD       in block DLIB_PERTHREAD_ZERO_DATA


  Section                 Kind         Address      Size  Object
  -------                 ----         -------      ----  ------
"BAT":                                              0x54
  BAT                     uninit           0x0      0x54  cstartup-common.o [26]
                                        - 0x54      0x54

"HEADERS":                                          0xac
  HEADER_block                          0x4000      0xac  <Block>
    AAT                   const         0x4000      0xac  cstartup-common.o [26]
                                      - 0x40ac      0xac

"APP ro":                                       0x3'6fa0
  APPRO_block                           0x4200  0x3'6fa0  <Block>
    .intvec               const         0x4200     0x134  startup_efr32mg21.o [14]
    Initializer bytes     const         0x4334     0x14a  <for rw section .textrw-1>
    .text                               0x4480  0x3'3b18  <Block>
      .text               ro code       0x4480     0x3f8  app_common.o [1]
      .text               ro code       0x4878     0x670  hal_uart_api.o [26]
      .text               ro code       0x4ee8      0x66  ABImemset.o [22]
      .text               ro code       0x4f4e       0x2  startup_efr32mg21.o [14]
      .text               ro code       0x4f50      0x76  ABImemcpy_unaligned.o [22]
      .text               ro code       0x4fc6       0x2  startup_efr32mg21.o [14]
      .text               ro code       0x4fc8     0x870  dev_gpio.o [26]
      .text               ro code       0x5838     0x550  ias_zone_cluster.o [1]
      .text               ro code       0x5d88     0x56c  dev_evt_pool.o [26]
      .text               ro code       0x62f4     0xfdc  network_manager.o [26]
      .text               ro code       0x72d0    0x1644  zigbee_sdk_core.o [26]
      .text               ro code       0x8914     0x444  hal_battery.o [26]
      .text               ro code       0x8d58     0x23e  em_usart.o [26]
      .text               ro code       0x8f96       0x2  startup_efr32mg21.o [14]
      .text               ro code       0x8f98      0x2e  com.o [26]
      .text               ro code       0x8fc6       0x2  startup_efr32mg21.o [14]
      .text               ro code       0x8fc8     0x168  em_gpio.o [26]
      .text               ro code       0x9130     0x2e6  ember-printf.o [26]
      .text               ro code       0x9416       0xc  em_core.o [26]
      .text               ro code       0x9422       0x6  em_core.o [26]
      .text               ro code       0x9428     0x636  zigbee_sdk_end_device_handle.o [26]
      .text               ro code       0x9a5e       0x2  zigbee_sdk_core.o [26]
      .text               ro code       0x9a60      0xec  gpiointerrupt.o [26]
      .text               ro code       0x9b4c    0x13c0  create_zigbee_dev.o [26]
      .text               ro code       0xaf0c      0x3a  ABImemset48.o [22]
      .text               ro code       0xaf46       0x2  startup_efr32mg21.o [14]
      .text               ro code       0xaf48     0x250  event-control.o [27]
      .text               ro code       0xb198      0xd0  system-timer.o [14]
      .text               ro code       0xb268     0x2c8  token.o [26]
      .text               ro code       0xb530       0x2  network_manager.o [26]
      .text               ro code       0xb532       0x2  startup_efr32mg21.o [14]
      .text               ro code       0xb534     0xfda  silicon_lab_modify.o [26]
      .text               ro code       0xc50e       0x2  startup_efr32mg21.o [14]
      .text               ro code       0xc510     0x47a  af-main-soc.o [26]
      .text               ro code       0xc98a       0x2  startup_efr32mg21.o [14]
      .text               ro code       0xc98c     0x46c  zigbee-stack.o [27]
      .text               ro code       0xcdf8     0x200  ember-stack-common.o [27]
      .text               ro code       0xcff8     0x500  dev_common_utils.o [26]
      .text               ro code       0xd4f8      0x2e  find-and-bind-target.o [26]
      .text               ro code       0xd526       0x2  startup_efr32mg21.o [14]
      .text               ro code       0xd528     0x1b2  simple_contact_sensor_callback.o [1]
      .text               ro code       0xd6da       0x2  startup_efr32mg21.o [14]
      .text               ro code       0xd6dc     0x2b4  time_sync.o [26]
      .text               ro code       0xd990     0x4d0  binding-table.o [2]
      .text               ro code       0xde60     0x62c  scenes.o [26]
      .text               ro code       0xe48c     0x3f2  leave.o [27]
      .text               ro code       0xe87e       0x2  startup_efr32mg21.o [14]
      .text               ro code       0xe880     0x62c  network-steering.o [26]
      .text               ro code       0xeeac     0xec4  ota-client.o [26]
      .text               ro code       0xfd70     0x492  attribute-table.o [26]
      .text               ro code     0x1'0202       0x4  network_manager.o [26]
      .text               ro code     0x1'0206       0x2  startup_efr32mg21.o [14]
      .text               ro code     0x1'0208     0x834  neighbor.o [27]
      .text               ro code     0x1'0a3c      0x18  network_manager.o [26]
      .text               ro code     0x1'0a54     0x744  packet-buffer.o [27]
      .text               ro code     0x1'1198      0x36  strlen.o [22]
      .text               ro code     0x1'11ce       0x2  startup_efr32mg21.o [14]
      .text               ro code     0x1'11d0      0x18  strcpy.o [22]
      .text               ro code     0x1'11e8    0x11a8  mf_test.o [26]
      .text               ro code     0x1'2390    0x149c  dlmalloc.o [11]
      .text               ro code     0x1'382c      0xb6  dev_queue.o [26]
      .text               ro code     0x1'38e2       0x2  startup_efr32mg21.o [14]
      .text               ro code     0x1'38e4      0x62  memcmp_unaligned.o [22]
      .text               ro code     0x1'3946       0x4  heaptramp0.o [11]
      .text               ro code     0x1'394a       0x2  startup_efr32mg21.o [14]
      .text               ro code     0x1'394c      0x1c  config.o [1]
      .text               ro code     0x1'3968      0xb4  idle-sleep.o [26]
      .text               ro code     0x1'3a1c       0x4  hal_common_tools.o [26]
      .text               ro code     0x1'3a20     0x330  ecc_use.o [26]
      .text               ro code     0x1'3d50      0xdc  micro-common.o [26]
      .text               ro code     0x1'3e2c      0xf0  update-tc-link-key.o [26]
      .text               ro code     0x1'3f1c     0x6a6  attribute-storage.o [26]
      .text               ro code     0x1'45c2       0x2  startup_efr32mg21.o [14]
      .text               ro code     0x1'45c4     0x80c  util.o [26]
      .text               ro code     0x1'4dd0     0x470  call-command-handler.o [26]
      .text               ro code     0x1'5240     0x418  client-api.o [26]
      .text               ro code     0x1'5658      0x40  sprintf.o [11]
      .text               ro code     0x1'5698       0x2  zigbee_sdk_core.o [26]
      .text               ro code     0x1'569a       0x2  zigbee_sdk_core.o [26]
      .text               ro code     0x1'569c     0x1a8  user_flash.o [26]
      .text               ro code     0x1'5844       0x2  zigbee_sdk_core.o [26]
      .text               ro code     0x1'5846       0x2  startup_efr32mg21.o [14]
      .text               ro code     0x1'5848      0xe6  em_wdog.o [26]
      .text               ro code     0x1'592e       0x4  zigbee_sdk_core.o [26]
      .text               ro code     0x1'5932       0x2  startup_efr32mg21.o [14]
      .text               ro code     0x1'5934     0x1e8  hal_adc.o [26]
      .text               ro code     0x1'5b1c     0x908  em_cmu.o [26]
      .text               ro code     0x1'6424      0x14  polling-soc.o [26]
      .text               ro code     0x1'6438    0x197c  association.o [27]
      .text               ro code     0x1'7db4       0x4  zigbee_sdk_end_device_handle.o [26]
      .text               ro code     0x1'7db8       0x4  callback-stub.o [26]
      .text               ro code     0x1'7dbc       0x4  callback-stub.o [26]
      .text               ro code     0x1'7dc0     0x2c4  ember-multi-network-stub.o [20]
      .text               ro code     0x1'8084      0x48  assert-crash-handlers.o [26]
      .text               ro code     0x1'80cc      0x1a  em_core.o [26]
      .text               ro code     0x1'80e6      0x46  ember-configuration.o [26]
      .text               ro code     0x1'812c       0x8  em_core.o [26]
      .text               ro code     0x1'8134     0x690  rtcdriver.o [26]
      .text               ro code     0x1'87c4     0x1e0  ustimer.o [26]
      .text               ro code     0x1'89a4     0x1ec  sleep-efm32.o [26]
      .text               ro code     0x1'8b90       0x4  sim-eeprom2-to-nvm3-upgrade-stub.o [25]
      .text               ro code     0x1'8b94    0x1a66  nvm3.o [16]
      .text               ro code     0x1'a5fa       0x2  startup_efr32mg21.o [14]
      .text               ro code     0x1'a5fc     0x2d8  mfg-token.o [26]
      .text               ro code     0x1'a8d4       0x6  ember-base-configuration.o [26]
      .text               ro code     0x1'a8da       0x2  startup_efr32mg21.o [14]
      .text               ro code     0x1'a8dc     0x6d0  micro.o [26]
      .text               ro code     0x1'afac       0x2  silicon_lab_modify.o [26]
      .text               ro code     0x1'afae       0x4  callback-stub.o [26]
      .text               ro code     0x1'afb2       0x2  silicon_lab_modify.o [26]
      .text               ro code     0x1'afb4      0x58  multi-network.o [26]
      .text               ro code     0x1'b00c     0x694  af-main-common.o [26]
      .text               ro code     0x1'b6a0      0x46  afv2-bookkeeping.o [26]
      .text               ro code     0x1'b6e6       0x2  startup_efr32mg21.o [14]
      .text               ro code     0x1'b6e8      0x10  security-address-cache.o [26]
      .text               ro code     0x1'b6f8       0x2  silicon_lab_modify.o [26]
      .text               ro code     0x1'b6fa       0x2  startup_efr32mg21.o [14]
      .text               ro code     0x1'b6fc    0x134c  phy.o [27]
      .text               ro code     0x1'ca48      0x22  serial.o [26]
      .text               ro code     0x1'ca6a       0x2  startup_efr32mg21.o [14]
      .text               ro code     0x1'ca6c     0x174  af-event.o [26]
      .text               ro code     0x1'cbe0      0x10  crypto-state.o [26]
      .text               ro code     0x1'cbf0      0xc6  mem-util.o [26]
      .text               ro code     0x1'ccb6       0x2  startup_efr32mg21.o [14]
      .text               ro code     0x1'ccb8     0x1d4  ota-storage-common.o [26]
      .text               ro code     0x1'ce8c     0x2e4  ota-storage-eeprom.o [26]
      .text               ro code     0x1'd170       0xa  ota-bootload-soc.o [26]
      .text               ro code     0x1'd17a       0x2  startup_efr32mg21.o [14]
      .text               ro code     0x1'd17c     0x17e  message.o [26]
      .text               ro code     0x1'd2fa       0x2  startup_efr32mg21.o [14]
      .text               ro code     0x1'd2fc     0x47a  groups-server.o [26]
      .text               ro code     0x1'd776       0x4  scenes.o [26]
      .text               ro code     0x1'd77a       0x2  startup_efr32mg21.o [14]
      .text               ro code     0x1'd77c      0x2c  attribute-size.o [26]
      .text               ro code     0x1'd7a8     0x7f8  reporting.o [26]
      .text               ro code     0x1'dfa0     0x228  time-util.o [26]
      .text               ro code     0x1'e1c8       0x4  callback-stub.o [26]
      .text               ro code     0x1'e1cc       0x4  callback-stub.o [26]
      .text               ro code     0x1'e1d0       0x4  callback-stub.o [26]
      .text               ro code     0x1'e1d4       0x4  callback-stub.o [26]
      .text               ro code     0x1'e1d8       0x4  callback-stub.o [26]
      .text               ro code     0x1'e1dc       0x2  silicon_lab_modify.o [26]
      .text               ro code     0x1'e1de       0x2  silicon_lab_modify.o [26]
      .text               ro code     0x1'e1e0      0xd4  zcl_command_micro.o [26]
      .text               ro code     0x1'e2b4     0xa58  application-support.o [27]
      .text               ro code     0x1'ed0c     0x100  zigbee-dispatch.o [27]
      .text               ro code     0x1'ee0c     0x340  address-table.o [27]
      .text               ro code     0x1'f14c       0x4  callback-stub.o [26]
      .text               ro code     0x1'f150       0x4  callback-stub.o [26]
      .text               ro code     0x1'f154       0x4  callback-stub.o [26]
      .text               ro code     0x1'f158       0x4  callback-stub.o [26]
      .text               ro code     0x1'f15c       0x4  callback-stub.o [26]
      .text               ro code     0x1'f160     0x396  form-and-join.o [26]
      .text               ro code     0x1'f4f6       0x2  startup_efr32mg21.o [14]
      .text               ro code     0x1'f4f8     0x174  scan-dispatch.o [26]
      .text               ro code     0x1'f66c       0x2  callback-stub.o [26]
      .text               ro code     0x1'f66e       0x8  debug-platform-stub.o [9]
      .text               ro code     0x1'f676       0x2  startup_efr32mg21.o [14]
      .text               ro code     0x1'f678      0x90  ember-library.o [27]
      .text               ro code     0x1'f708     0x360  rail_rf.o [17]
      .text               ro code     0x1'fa68      0x12  phy-util.o [27]
      .text               ro code     0x1'fa7a       0x6  debug-stub.o [9]
      .text               ro code     0x1'fa80      0x34  mac-dispatch.o [27]
      .text               ro code     0x1'fab4    0x1928  network.o [27]
      .text               ro code     0x2'13dc       0x6  cbke-crypto-engine-163k1-stub.o [3]
      .text               ro code     0x2'13e2       0x6  cbke-crypto-engine-283k1-stub.o [4]
      .text               ro code     0x2'13e8     0x740  zll-api.o [29]
      .text               ro code     0x2'1b28     0x1c4  broadcast.o [27]
      .text               ro code     0x2'1cec     0x538  route-table.o [27]
      .text               ro code     0x2'2224     0x420  lower-mac-efr32.o [27]
      .text               ro code     0x2'2644     0x168  child-aging.o [27]
      .text               ro code     0x2'27ac     0x5b5  mac-indirect.o [27]
      .text               ro code     0x2'2d62       0x2  startup_efr32mg21.o [14]
      .text               ro code     0x2'2d64     0x45c  zdo-channel.o [27]
      .text               ro code     0x2'31c0     0x8fc  aps-retry.o [27]
      .text               ro code     0x2'3abc       0xe  cbke-crypto-engine-stub.o [8]
      .text               ro code     0x2'3aca       0x2  startup_efr32mg21.o [14]
      .text               ro code     0x2'3acc     0x9d8  upper-mac.o [27]
      .text               ro code     0x2'44a4      0x58  micro-common-internal.o [14]
      .text               ro code     0x2'44fc     0x302  retry.o [27]
      .text               ro code     0x2'47fe       0x8  debug-extended-stub.o [10]
      .text               ro code     0x2'4806       0x2  startup_efr32mg21.o [14]
      .text               ro code     0x2'4808     0x6b4  child.o [27]
      .text               ro code     0x2'4ebc     0x6b0  aps-keys.o [23]
      .text               ro code     0x2'556c     0x1f8  zigbee-neighbor.o [27]
      .text               ro code     0x2'5764     0x2f8  management.o [27]
      .text               ro code     0x2'5a5c      0x10  ember-random-api.o [27]
      .text               ro code     0x2'5a6c      0x44  snprintf.o [11]
      .text               ro code     0x2'5ab0      0x54  random.o [26]
      .text               ro code     0x2'5b04      0x24  device_register.o [1]
      .text               ro code     0x2'5b28     0x728  scan.o [27]
      .text               ro code     0x2'6250      0x1c  zdo-r22-stub.o [28]
      .text               ro code     0x2'626c       0x8  ember-multi-phy-stub.o [27]
      .text               ro code     0x2'6274     0x258  packet-header.o [27]
      .text               ro code     0x2'64cc      0x5e  byte-utilities.o [27]
      .text               ro code     0x2'652a       0x2  startup_efr32mg21.o [14]
      .text               ro code     0x2'652c     0x5d0  zigbee-packet-header.o [27]
      .text               ro code     0x2'6afc     0xdb8  aps-security.o [23]
      .text               ro code     0x2'78b4      0x60  af-trust-center.o [26]
      .text               ro code     0x2'7914      0x48  child-table.o [27]
      .text               ro code     0x2'795c      0x54  network-steering-soc.o [26]
      .text               ro code     0x2'79b0      0x14  callback-stub.o [26]
      .text               ro code     0x2'79c4      0x50  print-formatter.o [26]
      .text               ro code     0x2'7a14       0x4  af-security-common.o [26]
      .text               ro code     0x2'7a18     0x34c  ota-storage-simple.o [26]
      .text               ro code     0x2'7d64      0x20  ota-client-page-request.o [26]
      .text               ro code     0x2'7d84     0x4fc  service-discovery-common.o [26]
      .text               ro code     0x2'8280     0x330  ota-storage-eeprom-page-erase.o [26]
      .text               ro code     0x2'85b0      0x3a  ota-common.o [26]
      .text               ro code     0x2'85ea      0x74  ota-client-policy.o [26]
      .text               ro code     0x2'865e       0x4  ota-client-signature-verify.o [26]
      .text               ro code     0x2'8662       0x2  callback-stub.o [26]
      .text               ro code     0x2'8664       0x4  callback-stub.o [26]
      .text               ro code     0x2'8668       0x4  callback-stub.o [26]
      .text               ro code     0x2'866c     0x3a4  neighbor-exchange.o [27]
      .text               ro code     0x2'8a10      0x64  unicast-table.o [27]
      .text               ro code     0x2'8a74     0x36c  random-id.o [27]
      .text               ro code     0x2'8de0     0x174  mfglib.o [19]
      .text               ro code     0x2'8f54     0x380  jsmn.o [26]
      .text               ro code     0x2'92d4     0x15c  em_se.o [26]
      .text               ro code     0x2'9430       0x6  abort.o [11]
      .text               ro code     0x2'9436       0x2  startup_efr32mg21.o [14]
      .text               ro code     0x2'9438      0x2c  xgetmemchunk.o [11]
      .text               ro code     0x2'9464      0xcc  cstartup-common.o [26]
      .text               ro code     0x2'9530     0xed4  uECC.o [26]
      .text               ro code     0x2'a404       0x2  startup_efr32mg21.o [14]
      .text               ro code     0x2'a406       0x2  startup_efr32mg21.o [14]
      .text               ro code     0x2'a408      0x94  network-steering.o [26]
      .text               ro code     0x2'a49c      0x18  update-tc-link-key.o [26]
      .text               ro code     0x2'a4b4       0x2  callback-stub.o [26]
      .text               ro code     0x2'a4b6       0x2  startup_efr32mg21.o [14]
      .text               ro code     0x2'a4b8      0xee  idle-sleep-soc.o [26]
      .text               ro code     0x2'a5a6       0x2  startup_efr32mg21.o [14]
      .text               ro code     0x2'a5a8     0x1c0  counters-soc.o [26]
      .text               ro code     0x2'a768     0x398  eeprom.o [26]
      .text               ro code     0x2'ab00       0x2  callback-stub.o [26]
      .text               ro code     0x2'ab02       0x2  callback-stub.o [26]
      .text               ro code     0x2'ab04       0x4  callback-stub.o [26]
      .text               ro code     0x2'ab08       0x4  callback-stub.o [26]
      .text               ro code     0x2'ab0c       0x4  callback-stub.o [26]
      .text               ro code     0x2'ab10     0x138  identify.o [26]
      .text               ro code     0x2'ac48     0x1d4  zll-scenes-server.o [26]
      .text               ro code     0x2'ae1c     0x501  xprintfsmall_nomb.o [11]
      .text               ro code     0x2'b31e       0x2  startup_efr32mg21.o [14]
      .text               ro code     0x2'b320     0x5a6  em_iadc.o [26]
      .text               ro code     0x2'b8c6       0x2  startup_efr32mg21.o [14]
      .text               ro code     0x2'b8c8     0x144  system_efr32mg21.o [14]
      .text               ro code     0x2'ba0c     0x300  child-handling.o [27]
      .text               ro code     0x2'bd0c     0x908  zigbee-device-util.o [27]
      .text               ro code     0x2'c614     0x184  token-cache.o [27]
      .text               ro code     0x2'c798     0x628  command.o [27]
      .text               ro code     0x2'cdc0     0x65c  trust-center-util.o [23]
      .text               ro code     0x2'd41c      0x34  mac-info-element-parsing-stub.o [28]
      .text               ro code     0x2'd450       0x8  packet-handoff.o [26]
      .text               ro code     0x2'd458      0x28  enhanced-beacon-request-stub.o [28]
      .text               ro code     0x2'd480       0x6  ABImemclr4.o [22]
      .text               ro code     0x2'd486      0x16  gp-stub.o [13]
      .text               ro code     0x2'd49c       0x8  em_core.o [26]
      .text               ro code     0x2'd4a4      0xb8  em_rtcc.o [26]
      .text               ro code     0x2'd55c     0x230  I64DivMod.o [22]
      .text               ro code     0x2'd78c      0x14  memset.o [22]
      .text               ro code     0x2'd7a0     0x1e8  em_timer.o [26]
      .text               ro code     0x2'd988      0xdc  em_emu.o [26]
      .text               ro code     0x2'da64     0x256  nvm3_page.o [16]
      .text               ro code     0x2'dcba       0x2  startup_efr32mg21.o [14]
      .text               ro code     0x2'dcbc     0x1ba  nvm3_object.o [16]
      .text               ro code     0x2'de76       0x2  startup_efr32mg21.o [14]
      .text               ro code     0x2'de78     0x28e  nvm3_cache.o [16]
      .text               ro code     0x2'e106      0x3e  nvm3_utils.o [16]
      .text               ro code     0x2'e144      0x18  nvm3_lock.o [26]
      .text               ro code     0x2'e15c      0x1c  nvm3_lock.o [26]
      Veneer              ro code     0x2'e178       0x8  - Linker created -
      .text               ro code     0x2'e180      0x68  flash.o [14]
      .text               ro code     0x2'e1e8      0x20  em_system.o [26]
      .text               ro code     0x2'e208      0xb4  hal-config.o [26]
      .text               ro code     0x2'e2bc     0x214  tempdrv.o [26]
      .text               ro code     0x2'e4d0      0x1c  pa_conversions_efr32.o [17]
      .text               ro code     0x2'e4ec       0x4  hal-config-gpio.o [26]
      .text               ro code     0x2'e4f0       0xc  coexistence-802154.o [26]
      .text               ro code     0x2'e4fc       0x4  callback-stub.o [26]
      .text               ro code     0x2'e500      0x60  end-device-support.o [26]
      .text               ro code     0x2'e560     0x204  zigbee-device-library.o [26]
      .text               ro code     0x2'e764       0x2  callback-stub.o [26]
      .text               ro code     0x2'e766       0x4  callback-stub.o [26]
      .text               ro code     0x2'e76a       0x4  callback-stub.o [26]
      .text               ro code     0x2'e76e       0x2  callback-stub.o [26]
      .text               ro code     0x2'e770      0xe4  tuya_sdk_callbacks.o [26]
      .text               ro code     0x2'e854       0x2  callback-stub.o [26]
      .text               ro code     0x2'e856       0x4  callback-stub.o [26]
      .text               ro code     0x2'e85a       0x2  callback-stub.o [26]
      .text               ro code     0x2'e85c      0x10  callback-stub.o [26]
      .text               ro code     0x2'e86c       0x4  callback-stub.o [26]
      .text               ro code     0x2'e870     0x130  rail_singleprotocol.o [17]
      .text               ro code     0x2'e9a0      0xbe  rail_calibration.o [17]
      .text               ro code     0x2'ea5e      0xb8  rail_tx.o [17]
      .text               ro code     0x2'eb16       0x2  startup_efr32mg21.o [14]
      .text               ro code     0x2'eb18     0x1d0  rail_ieee802154.o [17]
      .text               ro code     0x2'ece8      0x5e  duty-cycle-stub.o [27]
      .text               ro code     0x2'ed46       0xc  antenna-stub.o [26]
      .text               ro code     0x2'ed52       0x2  startup_efr32mg21.o [14]
      .text               ro code     0x2'ed54      0xa0  rail_data.o [17]
      .text               ro code     0x2'edf4      0x26  rail_rx.o [17]
      .text               ro code     0x2'ee1a       0x2  startup_efr32mg21.o [14]
      .text               ro code     0x2'ee1c      0x18  eui64.o [27]
      .text               ro code     0x2'ee34      0xb0  rail_autoack.o [17]
      .text               ro code     0x2'eee4       0x6  rail_pti.o [17]
      .text               ro code     0x2'eeea       0x2  startup_efr32mg21.o [14]
      .text               ro code     0x2'eeec     0x2ac  bootloader-interface-app.o [26]
      .text               ro code     0x2'f198       0x4  callback-stub.o [26]
      .text               ro code     0x2'f19c       0x2  callback-stub.o [26]
      .text               ro code     0x2'f19e       0x2  callback-stub.o [26]
      .text               ro code     0x2'f1a0       0x4  callback-stub.o [26]
      .text               ro code     0x2'f1a4      0x70  reporting-default-configuration.o [26]
      .text               ro code     0x2'f214      0xd4  time-server.o [26]
      .text               ro code     0x2'f2e8       0x2  callback-stub.o [26]
      .text               ro code     0x2'f2ea       0x4  cbke-crypto-engine-dsa-sign-stub.o [5]
      .text               ro code     0x2'f2ee       0x2  startup_efr32mg21.o [14]
      .text               ro code     0x2'f2f0     0x4fc  aps-encryption.o [23]
      .text               ro code     0x2'f7ec     0x2dc  packet-validate.o [21]
      .text               ro code     0x2'fac8      0x58  form-and-join-node-adapter.o [26]
      .text               ro code     0x2'fb20       0xa  form-and-join-afv2.o [26]
      .text               ro code     0x2'fb2a       0x2  startup_efr32mg21.o [14]
      .text               ro code     0x2'fb2c      0x18  rfhal_module.o [17]
      .text               ro code     0x2'fb44    0x1400  rail_rf_hal.o [17]
      .text               ro code     0x3'0f44      0x18  rail_assert.o [17]
      .text               ro code     0x3'0f5c      0xc4  pa_conversions_efr32.o [17]
      .text               ro code     0x3'1020     0x22c  store-forward.o [27]
      .text               ro code     0x3'124c     0x5ca  crypto.o [27]
      .text               ro code     0x3'1816       0x2  startup_efr32mg21.o [14]
      .text               ro code     0x3'1818     0x278  jit.o [27]
      .text               ro code     0x3'1a90     0x7c6  route-discovery.o [27]
      .text               ro code     0x3'2256       0x2  led.o [26]
      .text               ro code     0x3'2258     0x338  mac-header.o [27]
      .text               ro code     0x3'2590     0x984  zll-interpan.o [29]
      .text               ro code     0x3'2f14     0x154  route-error.o [27]
      .text               ro code     0x3'3068      0xd6  zll-tokens.o [29]
      .text               ro code     0x3'313e       0xa  xsprout.o [11]
      .text               ro code     0x3'3148     0x184  zll-security.o [29]
      .text               ro code     0x3'32cc       0x4  ember-duty-cycle-stub.o [27]
      .text               ro code     0x3'32d0     0x10c  symbol-timer.o [27]
      .text               ro code     0x3'33dc      0x22  I64Shl.o [22]
      .text               ro code     0x3'33fe      0x1a  xsnprout.o [11]
      .text               ro code     0x3'3418      0x72  security-config-mfg-3xx.o [23]
      .text               ro code     0x3'348a      0x12  aps-keys-full-stub.o [24]
      .text               ro code     0x3'349c     0x4e0  aps-keys-transient.o [23]
      .text               ro code     0x3'397c      0x62  hmac.o [23]
      .text               ro code     0x3'39de      0x3a  zero_init3.o [22]
      .text               ro code     0x3'3a18      0x6c  install-code-tokens.o [15]
      .text               ro code     0x3'3a84      0x60  aes.o [27]
      .text               ro code     0x3'3ae4       0x2  callback-stub.o [26]
      .text               ro code     0x3'3ae8      0x50  print.o [26]
      .text               ro code     0x3'3b38      0x5c  service-discovery-soc.o [26]
      .text               ro code     0x3'3b94      0x1c  zigbee-device-common.o [26]
      .text               ro code     0x3'3bb0       0xc  eeprom-afv2.o [26]
      .text               ro code     0x3'3bbc       0xc  XXexit.o [22]
      .text               ro code     0x3'3bc8      0x1c  em_rmu.o [26]
      .text               ro code     0x3'3be4       0x4  callback-stub.o [26]
      .text               ro code     0x3'3be8       0x4  callback-stub.o [26]
      .text               ro code     0x3'3bec       0xc  zigbee_sdk_core.o [26]
      .text               ro code     0x3'3bf8       0x2  zigbee_sdk_core.o [26]
      .text               ro code     0x3'3bfc      0x28  hal_uart_api.o [26]
      .text               ro code     0x3'3c24       0xc  zigbee_sdk_core.o [26]
      .text               ro code     0x3'3c30       0x2  callback-stub.o [26]
      .text               ro code     0x3'3c32       0x4  callback-stub.o [26]
      .text               ro code     0x3'3c36       0x2  callback-stub.o [26]
      .text               ro code     0x3'3c38       0x2  callback-stub.o [26]
      .text               ro code     0x3'3c3a       0x2  callback-stub.o [26]
      .text               ro code     0x3'3c3c       0x2  callback-stub.o [26]
      .text               ro code     0x3'3c40      0x16  strchr.o [22]
      .text               ro code     0x3'3c58      0x40  xfail_s.o [11]
      .text               ro code     0x3'3c98      0x58  memchr.o [22]
      .text               ro code     0x3'3cf0     0xa5c  zigbee-device.o [27]
      .text               ro code     0x3'474c       0x8  end-device-bind-stub.o [12]
      .text               ro code     0x3'4754       0x2  I64DivZer.o [22]
      .text               ro code     0x3'4756       0x4  nvm3_lock.o [26]
      .text               ro code     0x3'475a       0x8  em_core.o [26]
      .text               ro code     0x3'4762       0x8  em_core.o [26]
      .text               ro code     0x3'476c      0x2c  em_msc.o [26]
      .text               ro code     0x3'4798       0x6  rail_rssi.o [17]
      .text               ro code     0x3'47a0      0x68  rfhal_ircal.o [17]
      .text               ro code     0x3'4808      0xac  pa_conversions_efr32.o [17]
      .text               ro code     0x3'48b4     0x1e1  rail_ieee802154_rf_hal.o [17]
      .text               ro code     0x3'4a98      0x7c  btl_interface.o [26]
      .text               ro code     0x3'4b14      0x44  micro-internal.o [14]
      .text               ro code     0x3'4b58      0x16  callback-stub.o [26]
      .text               ro code     0x3'4b6e       0x4  callback-stub.o [26]
      .text               ro code     0x3'4b72     0x14e  aes-mmo.o [23]
      .text               ro code     0x3'4cc0       0x2  callback-stub.o [26]
      .text               ro code     0x3'4cc4     0xd9c  generic_phy.o [17]
      .text               ro code     0x3'5a60     0x4dc  rfhal_radio.o [17]
      .text               ro code     0x3'5f3c     0x2e0  rfhal_timings.o [17]
      .text               ro code     0x3'621c     0x760  rfhal_pa.o [17]
      .text               ro code     0x3'697c     0x624  rfhal_bufc.o [17]
      .text               ro code     0x3'6fa0     0x536  rfhal_protimer.o [17]
      .text               ro code     0x3'74d8      0x2c  rfhal_tempcal.o [17]
      .text               ro code     0x3'7504     0x29c  rfhal_synth.o [17]
      .text               ro code     0x3'77a0     0x120  rfhal_rand.o [17]
      .text               ro code     0x3'78c0      0x84  rfhal_pti.o [17]
      .text               ro code     0x3'7944       0x4  rail_timer.o [17]
      .text               ro code     0x3'7948     0x100  radioaes_aes.o [27]
      .text               ro code     0x3'7a48     0x1c4  zdo-binding-table.o [2]
      .text               ro code     0x3'7c0c      0x40  rfhal_antenna.o [17]
      .text               ro code     0x3'7c4c      0x44  seq_globals.o [17]
      .text               ro code     0x3'7c90      0x12  rail_ble_rf_hal.o [17]
      .text               ro code     0x3'7ca4       0x6  ABImemclr.o [22]
      .text               ro code     0x3'7cac      0x9e  radioaes.o [27]
      .text               ro code     0x3'7d4c       0x4  on-off.o [26]
      .text               ro code     0x3'7d50       0x2  callback-stub.o [26]
      Veneer              ro code     0x3'7d54       0x8  - Linker created -
      .text               ro code     0x3'7d5c     0x10c  nvm3_hal_flash.o [26]
      .text               ro code     0x3'7e68      0x1c  rfhal_rtccsync.o [17]
      .text               ro code     0x3'7e84      0x22  fpinit_M.o [18]
      .text               ro code     0x3'7ea8      0x1e  cmain.o [22]
      .text               ro code     0x3'7ec6       0x4  low_level_init.o [11]
      .text               ro code     0x3'7ecc      0x28  data_init.o [22]
      .text               ro code     0x3'7ef4       0x4  exit.o [11]
      .text               ro code     0x3'7ef8       0xa  cexit.o [22]
      .text               ro code     0x3'7f02       0xe  startup_efr32mg21.o [14]
      .text               ro code     0x3'7f10       0xc  cstartup_M.o [22]
      .text               ro code     0x3'7f1c       0x4  radio_config_em3xxx_2.4GHz.o [27]
      .text               ro code     0x3'7f20      0x78  lz77_init_single.o [22]
    .rodata               const       0x3'7f98      0x14  app_common.o [1]
    .rodata               const       0x3'7fac      0x20  app_common.o [1]
    .rodata               const       0x3'7fcc      0x20  app_common.o [1]
    .rodata               const       0x3'7fec      0x2c  app_common.o [1]
    .rodata               const       0x3'8018       0x8  app_common.o [1]
    .rodata               const       0x3'8020      0x10  app_common.o [1]
    .rodata               const       0x3'8030       0x8  app_common.o [1]
    .rodata               const       0x3'8038       0x8  app_common.o [1]
    .rodata               const       0x3'8040      0x14  app_common.o [1]
    .rodata               const       0x3'8054      0x1c  app_common.o [1]
    .rodata               const       0x3'8070       0x8  app_common.o [1]
    .rodata               const       0x3'8078      0x18  config.o [1]
    .rodata               const       0x3'8090       0x8  config.o [1]
    .rodata               const       0x3'8098       0xc  config.o [1]
    .rodata               const       0x3'80a4       0xc  config.o [1]
    .rodata               const       0x3'80b0      0x48  device_register.o [1]
    .rodata               const       0x3'80f8      0x30  device_register.o [1]
    .rodata               const       0x3'8128      0x18  device_register.o [1]
    .rodata               const       0x3'8140      0x14  device_register.o [1]
    .rodata               const       0x3'8154      0x24  device_register.o [1]
    .rodata               const       0x3'8178       0x8  device_register.o [1]
    .rodata               const       0x3'8180      0x1c  ias_zone_cluster.o [1]
    .rodata               const       0x3'819c      0x20  ias_zone_cluster.o [1]
    .rodata               const       0x3'81bc      0x20  ias_zone_cluster.o [1]
    .rodata               const       0x3'81dc      0x2c  simple_contact_sensor_callback.o [1]
    .rodata               const       0x3'8208      0x18  simple_contact_sensor_callback.o [1]
    .rodata               const       0x3'8220      0x14  simple_contact_sensor_callback.o [1]
    .rodata               const       0x3'8234      0x14  simple_contact_sensor_callback.o [1]
    .rodata               const       0x3'8248      0x10  simple_contact_sensor_callback.o [1]
    .rodata               const       0x3'8258       0xc  simple_contact_sensor_callback.o [1]
    .rodata               const       0x3'8264      0x10  simple_contact_sensor_callback.o [1]
    .rodata               const       0x3'8274      0x14  simple_contact_sensor_callback.o [1]
    .rodata               const       0x3'8288      0x14  simple_contact_sensor_callback.o [1]
    .rodata               const       0x3'829c      0x2c  hal_battery.o [26]
    .rodata               const       0x3'82c8      0xb4  create_zigbee_dev.o [26]
    .rodata               const       0x3'837c      0x30  create_zigbee_dev.o [26]
    .rodata               const       0x3'83ac       0xc  create_zigbee_dev.o [26]
    .rodata               const       0x3'83b8      0x2c  mf_test.o [26]
    .rodata               const       0x3'83e4       0x8  silicon_lab_modify.o [26]
    .rodata               const       0x3'83ec      0x24  attribute-storage.o [26]
    .rodata               const       0x3'8410       0x8  attribute-storage.o [26]
    .rodata               const       0x3'8418       0x4  attribute-storage.o [26]
    .rodata               const       0x3'841c       0x4  attribute-storage.o [26]
    .rodata               const       0x3'8420       0x4  attribute-storage.o [26]
    .rodata               const       0x3'8424       0x4  attribute-storage.o [26]
    .rodata               const       0x3'8428       0x8  attribute-storage.o [26]
    .rodata               const       0x3'8430       0x1  binding-table.o [2]
    .rodata               const       0x3'8432       0x2  mfg-token.o [26]
    .rodata               const       0x3'8434       0x1  zll-api.o [29]
    .rodata               const       0x3'8436       0x2  mfg-token.o [26]
    .rodata               const       0x3'8438      0x24  ember-printf.o [26]
    .rodata               const       0x3'845c       0xc  zigbee_dev_template.o [26]
    .rodata               const       0x3'8468      0x10  af-main-common.o [26]
    .rodata               const       0x3'8478      0x30  attribute-size.o [26]
    .rodata               const       0x3'84a8      0x14  reporting-default-configuration.o [26]
    .rodata               const       0x3'84bc       0x8  micro.o [26]
    .rodata               const       0x3'84c4       0xc  ota-common.o [26]
    .rodata               const       0x3'84d0       0x1  trust-center-util.o [23]
    .rodata               const       0x3'84d2       0x2  mfg-token.o [26]
    .rodata               const       0x3'84d4       0x1  route-table.o [27]
    .rodata               const       0x3'84d6       0x2  mfg-token.o [26]
    .rodata               const       0x3'84d8       0xc  zll-interpan.o [29]
    .rodata               const       0x3'84e4     0x190  token-def.o [26]
    .rodata               const       0x3'8674      0x64  token-def.o [26]
    .rodata               const       0x3'86d8      0x64  token-def.o [26]
    .rodata               const       0x3'873c      0x64  token-def.o [26]
    .rodata               const       0x3'87a0      0x64  token-def.o [26]
    .rodata               const       0x3'8804       0x4  token-def.o [26]
    .rodata               const       0x3'8808      0x14  token-def.o [26]
    .rodata               const       0x3'881c       0x4  token-def.o [26]
    .rodata               const       0x3'8820       0x4  token-def.o [26]
    .rodata               const       0x3'8824      0x14  token-def.o [26]
    .rodata               const       0x3'8838      0x10  token-def.o [26]
    .rodata               const       0x3'8848      0x1c  token-def.o [26]
    .rodata               const       0x3'8864       0x8  token-def.o [26]
    .rodata               const       0x3'886c       0xc  token-def.o [26]
    .rodata               const       0x3'8878      0x18  token-def.o [26]
    .rodata               const       0x3'8890      0x14  token-def.o [26]
    .rodata               const       0x3'88a4      0x10  token-def.o [26]
    .rodata               const       0x3'88b4      0x14  token-def.o [26]
    .rodata               const       0x3'88c8      0x1c  token-def.o [26]
    .rodata               const       0x3'88e4       0x8  token-def.o [26]
    .rodata               const       0x3'88ec       0xc  token-def.o [26]
    .rodata               const       0x3'88f8       0x4  token-def.o [26]
    .rodata               const       0x3'88fc      0x10  token-def.o [26]
    .rodata               const       0x3'890c       0xc  token-def.o [26]
    .rodata               const       0x3'8918      0x1c  token-def.o [26]
    .rodata               const       0x3'8934      0x5c  token-def.o [26]
    .rodata               const       0x3'8990      0x10  token-def.o [26]
    .rodata               const       0x3'89a0      0x28  token-def.o [26]
    .rodata               const       0x3'89c8      0x14  token-def.o [26]
    .rodata               const       0x3'89dc      0x34  token-def.o [26]
    .rodata               const       0x3'8a10      0x30  token-def.o [26]
    .rodata               const       0x3'8a40       0x4  token-def.o [26]
    .rodata               const       0x3'8a44      0xfc  token-def.o [26]
    .rodata               const       0x3'8b40      0xfc  token-def.o [26]
    .rodata               const       0x3'8c3c      0xfc  token-def.o [26]
    .rodata               const       0x3'8d38      0xfc  token-def.o [26]
    .rodata               const       0x3'8e34      0xfc  token-def.o [26]
    .rodata               const       0x3'8f30       0x4  token-def.o [26]
    .rodata               const       0x3'8f34       0x4  token-def.o [26]
    .rodata               const       0x3'8f38       0x4  token-def.o [26]
    .rodata               const       0x3'8f3c       0x4  token-def.o [26]
    .rodata               const       0x3'8f40       0x4  token-def.o [26]
    .rodata               const       0x3'8f44       0x4  token-def.o [26]
    .rodata               const       0x3'8f48       0x4  token-def.o [26]
    .rodata               const       0x3'8f4c       0x4  token-def.o [26]
    .rodata               const       0x3'8f50       0x4  token-def.o [26]
    .rodata               const       0x3'8f54       0x4  token-def.o [26]
    .rodata               const       0x3'8f58       0x4  token-def.o [26]
    .rodata               const       0x3'8f5c       0x4  token-def.o [26]
    .rodata               const       0x3'8f60       0x4  token-def.o [26]
    .rodata               const       0x3'8f64       0x4  token-def.o [26]
    .rodata               const       0x3'8f68       0x4  token-def.o [26]
    .rodata               const       0x3'8f6c       0x4  token-def.o [26]
    .rodata               const       0x3'8f70       0x8  token-def.o [26]
    .rodata               const       0x3'8f78       0x8  token-def.o [26]
    .rodata               const       0x3'8f80       0x8  token-def.o [26]
    .rodata               const       0x3'8f88       0x8  token-def.o [26]
    .rodata               const       0x3'8f90       0x8  token-def.o [26]
    .rodata               const       0x3'8f98       0x8  token-def.o [26]
    .rodata               const       0x3'8fa0       0x8  token-def.o [26]
    .rodata               const       0x3'8fa8       0x8  token-def.o [26]
    .rodata               const       0x3'8fb0      0x10  token-def.o [26]
    .rodata               const       0x3'8fc0      0x2c  token-def.o [26]
    .rodata               const       0x3'8fec      0x14  token-def.o [26]
    .rodata               const       0x3'9000     0x190  token-def.o [26]
    .rodata               const       0x3'9190      0xb4  uECC.o [26]
    .rodata               const       0x3'9244      0x24  phy-config-MHz.o [27]
    .rodata               const       0x3'9268      0x20  pa_curves_efr32.o [17]
    .rodata               const       0x3'9288      0xcc  pa_curves_efr32.o [17]
    .rodata               const       0x3'9354      0x1c  nvm3_hal_flash.o [26]
    .rodata               const       0x3'9370       0x4  nvm3_lock.o [26]
    .rodata               const       0x3'9374      0x40  bootloader-interface.o [26]
    .rodata               const       0x3'93b4       0xc  rail_ieee802154_rf_hal.o [17]
    .rodata               const       0x3'93c0      0x5c  radio_config_em3xxx_2.4GHz.o [27]
    .rodata               const       0x3'941c      0x18  rail_ble_rf_hal.o [17]
    .rodata               const       0x3'9434     0x32c  ieee802154_efr32xg21_configurator_out.o [17]
    .rodata               const       0x3'9760    0x1500  generic_efr32xg21_seq.o [17]
    .rodata               const       0x3'ac60       0x2  mfg-token.o [26]
    .rodata               const       0x3'ac62       0x2  mfg-token.o [26]
    .rodata               const       0x3'ac64       0x2  mfg-token.o [26]
    .rodata               const       0x3'ac66       0x2  token-def.o [26]
    .rodata               const       0x3'ac68       0x2  token-def.o [26]
    .rodata               const       0x3'ac6a       0x2  token-def.o [26]
    .rodata               const       0x3'ac6c       0x2  token-def.o [26]
    .rodata               const       0x3'ac6e       0x2  token-def.o [26]
    .rodata               const       0x3'ac70       0x2  token-def.o [26]
    .rodata               const       0x3'ac72       0x2  token-def.o [26]
    .rodata               const       0x3'ac74       0x2  token-def.o [26]
    .rodata               const       0x3'ac76       0x2  token-def.o [26]
    .rodata               const       0x3'ac78       0x2  token-def.o [26]
    .rodata               const       0x3'ac7a       0x2  token-def.o [26]
    .rodata               const       0x3'ac7c       0x2  token-def.o [26]
    .rodata               const       0x3'ac7e       0x2  token-def.o [26]
    .rodata               const       0x3'ac80       0x2  token-def.o [26]
    .rodata               const       0x3'ac82       0x2  token-def.o [26]
    .rodata               const       0x3'ac84       0x2  token-def.o [26]
    .rodata               const       0x3'ac86       0x2  token-def.o [26]
    .rodata               const       0x3'ac88       0x2  token-def.o [26]
    .rodata               const       0x3'ac8a       0x2  token-def.o [26]
    .rodata               const       0x3'ac8c       0x2  token-def.o [26]
    .rodata               const       0x3'ac8e       0x1  ember-multi-network-stub.o [20]
    .rodata               const       0x3'ac8f       0x1  ember-configuration.o [26]
    .rodata               const       0x3'ac90       0x1  enhanced-beacon-request-stub.o [28]
    .rodata               const       0x3'ac91       0x1  cbke-crypto-engine-stub.o [8]
    .rodata               const       0x3'ac92       0x1  cbke-crypto-engine-163k1-stub.o [3]
    .rodata               const       0x3'ac93       0x1  cbke-crypto-engine-283k1-stub.o [4]
    .rodata               const       0x3'ac94       0x1  end-device-bind-stub.o [12]
    .rodata               const       0x3'ac95       0x1  ember-library.o [27]
    .rodata               const       0x3'ac96       0x1  token-def.o [26]
    .rodata               const       0x3'ac97       0x1  token-def.o [26]
    .rodata               const       0x3'ac98       0x1  token-def.o [26]
    .rodata               const       0x3'ac99       0x1  token-def.o [26]
    .rodata               const       0x3'ac9a       0x1  token-def.o [26]
    .rodata               const       0x3'ac9b       0x1  token-def.o [26]
    .rodata               const       0x3'ac9c       0x1  token-def.o [26]
    .rodata               const       0x3'ac9d       0x1  token-def.o [26]
    .rodata               const       0x3'ac9e       0x1  token-def.o [26]
    .rodata               const       0x3'ac9f       0x1  token-def.o [26]
    .rodata               const       0x3'aca0       0x1  token-def.o [26]
    .rodata               const       0x3'aca1       0x1  token-def.o [26]
    .rodata               const       0x3'aca2       0x1  token-def.o [26]
    .rodata               const       0x3'aca3       0x1  token-def.o [26]
    .rodata               const       0x3'aca4       0x1  token-def.o [26]
    .rodata               const       0x3'aca5       0x1  token-def.o [26]
    .rodata               const       0x3'aca6       0x1  token-def.o [26]
    .rodata               const       0x3'aca7       0x1  token-def.o [26]
    .rodata               const       0x3'aca8       0x1  token-def.o [26]
    .rodata               const       0x3'aca9       0x1  token-def.o [26]
    .rodata               const       0x3'acaa       0x1  token-def.o [26]
    .rodata               const       0x3'acab       0x1  aps-keys-full-stub.o [24]
    .rodata               const       0x3'acac       0x1  cbke-crypto-engine-dsa-sign-stub.o [5]
    .rodata               const       0x3'acad       0x1  packet-validate.o [21]
    .rodata               const       0x3'acae       0x1  install-code-tokens.o [15]
    .rodata               const       0x3'acaf       0x1  cbke-crypto-engine-dsa-verify-283k1-stub.o [6]
    .rodata               const       0x3'acb0       0x1  cbke-crypto-engine-dsa-verify-stub.o [7]
    .rodata               const       0x3'acb1       0x1  nvm3_lock.o [26]
    .rodata               const       0x3'acb2       0x0  zero_init3.o [22]
    .rodata               const       0x3'acb2       0x0  lz77_init_single.o [22]
    .data_init                        0x3'acb2     0x4b6  <Block>
      Initializer bytes   const       0x3'acb2     0x4b6  <for rw section .data-1>
    .iar.init_table       const       0x3'b168      0x38  - Linker created -
                                    - 0x3'b1a0  0x3'6fa0

"NVM&SIMEE&LOCKBITS":                             0xa000
  SIMEE                               0xb'6000    0x8000  <Block>
    SIMEE                 uninit      0xb'6000    0x8000  nvm3_default.o [26]
  LOCKBITS_IN_MAINFLASH   uninit      0xb'e000    0x2000  mfg-token.o [26]
                                    - 0xc'0000    0xa000

"ResetHeap":                                      0x3a7c
  RESETHEAP                        0x2000'0000    0x3a7c  <Block>
    RESETINFO             uninit   0x2000'0000      0x9c  cstartup-common.o [26]
    ALIGN_EMHEAP                   0x2000'00a0    0x39dc  <Block>
      EMHEAP                       0x2000'00a0    0x39dc  <Block>
        EMHEAP            uninit   0x2000'00a0    0x39dc  ember-configuration.o [26]
                                 - 0x2000'3a7c    0x3a7c

"Guard":                                            0x24
  GUARD_REGION            zero     0x2000'3a80      0x20  cstartup-common.o [26]
                                 - 0x2000'3aa0      0x24

"APP rw":                                         0xaa98
  APPRW_block                      0x2000'5558    0xaa98  <Block>
    ALIGN_CSTACK                   0x2000'5558     0x960  <Block>
      CSTACK                       0x2000'5558     0x960  <Block>
        CSTACK            uninit   0x2000'5558     0x960  cstartup-common.o [26]
    rw section .textrw-1           0x2000'5eb8     0x160  <Init block>
      .textrw             inited   0x2000'5eb8     0x160  em_msc.o [26]
    rw section .data-1             0x2000'6018     0x883  <Init block>
      .data               inited   0x2000'6018       0x4  config.o [1]
      .data               inited   0x2000'601c       0x4  dev_gpio.o [26]
      .data               inited   0x2000'6020      0x3c  zigbee_sdk_core.o [26]
      .data               inited   0x2000'605c       0x4  time_sync.o [26]
      .data               inited   0x2000'6060       0x8  silicon_lab_modify.o [26]
      .data               inited   0x2000'6068      0x18  silicon_lab_modify.o [26]
      .data               inited   0x2000'6080     0x198  attribute-storage.o [26]
      .data               inited   0x2000'6218      0xa0  attribute-storage.o [26]
      .data               inited   0x2000'62b8       0x8  network-steering.o [26]
      .data               inited   0x2000'62c0       0x4  association.o [27]
      .data               inited   0x2000'62c4      0x1f  association.o [27]
      .data               inited   0x2000'62e4       0x8  zigbee-stack.o [27]
      .data               inited   0x2000'62ec       0x4  zigbee_sdk_end_device_handle.o [26]
      .data               inited   0x2000'62f0       0x8  system_efr32mg21.o [14]
      .data               inited   0x2000'62f8       0x4  system_efr32mg21.o [14]
      .data               inited   0x2000'62fc       0x4  system_efr32mg21.o [14]
      .data               inited   0x2000'6300      0x28  ecc_use.o [26]
      .data               inited   0x2000'6328       0x4  update-tc-link-key.o [26]
      .data               inited   0x2000'632c       0x4  message.o [26]
      .data               inited   0x2000'6330      0x1a  af-event.o [26]
      .data               inited   0x2000'634c     0x220  af-event.o [26]
      .data               inited   0x2000'656c       0x4  ota-storage-eeprom.o [26]
      .data               inited   0x2000'6570       0x8  ota-storage-eeprom.o [26]
      .data               inited   0x2000'6578       0x4  ota-storage-eeprom.o [26]
      .data               inited   0x2000'657c       0x4  ota-storage-eeprom.o [26]
      .data               inited   0x2000'6580     0x180  phy.o [27]
      .data               inited   0x2000'6700       0x4  phy.o [27]
      .data               inited   0x2000'6704       0x4  micro.o [26]
      .data               inited   0x2000'6708       0x4  ember-configuration.o [26]
      .data               inited   0x2000'670c       0x4  ember-configuration.o [26]
      .data               inited   0x2000'6710       0x4  ember-configuration.o [26]
      .data               inited   0x2000'6714       0x4  ember-configuration.o [26]
      .data               inited   0x2000'6718       0x4  ember-configuration.o [26]
      .data               inited   0x2000'671c       0x4  ember-configuration.o [26]
      .data               inited   0x2000'6720       0x4  ember-configuration.o [26]
      .data               inited   0x2000'6724       0x4  ember-configuration.o [26]
      .data               inited   0x2000'6728       0x4  ember-configuration.o [26]
      .data               inited   0x2000'672c       0x4  ember-configuration.o [26]
      .data               inited   0x2000'6730       0x4  ember-configuration.o [26]
      .data               inited   0x2000'6734       0x4  ember-configuration.o [26]
      .data               inited   0x2000'6738       0x4  ember-configuration.o [26]
      .data               inited   0x2000'673c       0x4  ember-configuration.o [26]
      .data               inited   0x2000'6740       0x4  ember-configuration.o [26]
      .data               inited   0x2000'6744       0x4  ember-configuration.o [26]
      .data               inited   0x2000'6748       0x4  ember-configuration.o [26]
      .data               inited   0x2000'674c       0x4  ember-configuration.o [26]
      .data               inited   0x2000'6750       0x4  ember-configuration.o [26]
      .data               inited   0x2000'6754       0x4  ember-configuration.o [26]
      .data               inited   0x2000'6758       0x4  ember-configuration.o [26]
      .data               inited   0x2000'675c       0x4  ember-configuration.o [26]
      .data               inited   0x2000'6760       0x4  ember-configuration.o [26]
      .data               inited   0x2000'6764       0x4  ember-configuration.o [26]
      .data               inited   0x2000'6768       0x4  ember-configuration.o [26]
      .data               inited   0x2000'676c       0x4  ember-configuration.o [26]
      .data               inited   0x2000'6770       0xc  application-support.o [27]
      .data               inited   0x2000'677c       0x4  ota-storage-eeprom-page-erase.o [26]
      .data               inited   0x2000'6780      0x10  rail_rf.o [17]
      .data               inited   0x2000'6790      0x10  rtcdriver.o [26]
      .data               inited   0x2000'67a0       0x4  nvm3_default.o [26]
      .data               inited   0x2000'67a4      0x1c  nvm3_default.o [26]
      .data               inited   0x2000'67c0       0x4  nvm3_default.o [26]
      .data               inited   0x2000'67c4       0x8  rail_assert.o [17]
      .data               inited   0x2000'67cc      0x24  rail_rf_hal.o [17]
      .data               inited   0x2000'67f0       0x8  rail_rf_hal.o [17]
      .data               inited   0x2000'67f8      0x20  rfhal_pa.o [17]
      .data               inited   0x2000'6818       0x4  ieee802154_efr32xg21_configurator_out.o [17]
      .data               inited   0x2000'681c       0x4  time_sync.o [26]
      .data               inited   0x2000'6820       0x2  attribute-storage.o [26]
      .data               inited   0x2000'6822       0x4  ota-client.o [26]
      .data               inited   0x2000'6826       0x4  zll-api.o [29]
      .data               inited   0x2000'682a       0x2  leave.o [27]
      .data               inited   0x2000'682c       0x2  zigbee_sdk_end_device_handle.o [26]
      .data               inited   0x2000'682e       0x4  random.o [26]
      .data               inited   0x2000'6832       0x8  zigbee-device.o [27]
      .data               inited   0x2000'683a       0x2  phy.o [27]
      .data               inited   0x2000'683c       0x2  ember-configuration.o [26]
      .data               inited   0x2000'683e       0x2  ember-configuration.o [26]
      .data               inited   0x2000'6840       0x2  ember-configuration.o [26]
      .data               inited   0x2000'6842       0x2  ember-configuration.o [26]
      .data               inited   0x2000'6844       0x2  aps-security.o [23]
      .data               inited   0x2000'6846       0x4  management.o [27]
      .data               inited   0x2000'684a       0x2  lower-mac-efr32.o [27]
      .data               inited   0x2000'684c       0x2  mac-header.o [27]
      .data               inited   0x2000'684e       0x1  app_common.o [1]
      .data               inited   0x2000'684f       0x1  config.o [1]
      .data               inited   0x2000'6850       0x1  network_manager.o [26]
      .data               inited   0x2000'6851       0x1  zigbee_sdk_core.o [26]
      .data               inited   0x2000'6852       0x1  silicon_lab_modify.o [26]
      .data               inited   0x2000'6853       0x1  packet-buffer.o [27]
      .data               inited   0x2000'6854       0x1  neighbor.o [27]
      .data               inited   0x2000'6855       0x1  neighbor.o [27]
      .data               inited   0x2000'6856       0x1  zll-api.o [29]
      .data               inited   0x2000'6857       0x1  zll-api.o [29]
      .data               inited   0x2000'6858       0x1  util.o [26]
      .data               inited   0x2000'6859       0x1  util.o [26]
      .data               inited   0x2000'685a       0x1  util.o [26]
      .data               inited   0x2000'685b       0x1  time-server.o [26]
      .data               inited   0x2000'685c       0x1  ember-multi-network-stub.o [20]
      .data               inited   0x2000'685d       0x1  service-discovery-common.o [26]
      .data               inited   0x2000'685e       0x1  ember-configuration.o [26]
      .data               inited   0x2000'685f       0x1  ember-configuration.o [26]
      .data               inited   0x2000'6860       0x1  ember-configuration.o [26]
      .data               inited   0x2000'6861       0x1  ember-configuration.o [26]
      .data               inited   0x2000'6862       0x1  ember-configuration.o [26]
      .data               inited   0x2000'6863       0x1  ember-configuration.o [26]
      .data               inited   0x2000'6864       0x1  ember-configuration.o [26]
      .data               inited   0x2000'6865       0x1  ember-configuration.o [26]
      .data               inited   0x2000'6866       0x1  ember-configuration.o [26]
      .data               inited   0x2000'6867       0x1  ember-configuration.o [26]
      .data               inited   0x2000'6868       0x1  ember-configuration.o [26]
      .data               inited   0x2000'6869       0x1  ember-configuration.o [26]
      .data               inited   0x2000'686a       0x1  ember-configuration.o [26]
      .data               inited   0x2000'686b       0x1  ember-configuration.o [26]
      .data               inited   0x2000'686c       0x1  ember-configuration.o [26]
      .data               inited   0x2000'686d       0x1  ember-configuration.o [26]
      .data               inited   0x2000'686e       0x1  ember-configuration.o [26]
      .data               inited   0x2000'686f       0x1  ember-configuration.o [26]
      .data               inited   0x2000'6870       0x1  ember-configuration.o [26]
      .data               inited   0x2000'6871       0x1  ember-configuration.o [26]
      .data               inited   0x2000'6872       0x1  ember-configuration.o [26]
      .data               inited   0x2000'6873       0x1  ember-configuration.o [26]
      .data               inited   0x2000'6874       0x1  ember-configuration.o [26]
      .data               inited   0x2000'6875       0x1  ember-configuration.o [26]
      .data               inited   0x2000'6876       0x1  ember-configuration.o [26]
      .data               inited   0x2000'6877       0x1  ember-configuration.o [26]
      .data               inited   0x2000'6878       0x1  network-steering-soc.o [26]
      .data               inited   0x2000'6879       0x1  aps-keys.o [23]
      .data               inited   0x2000'687a       0x1  aps-security.o [23]
      .data               inited   0x2000'687b       0x1  aps-retry.o [27]
      .data               inited   0x2000'687c       0x3  scan.o [27]
      .data               inited   0x2000'687f       0x1  network.o [27]
      .data               inited   0x2000'6880       0x1  network.o [27]
      .data               inited   0x2000'6881       0x1  network.o [27]
      .data               inited   0x2000'6882       0x1  trust-center-util.o [23]
      .data               inited   0x2000'6883       0x1  random-id.o [27]
      .data               inited   0x2000'6884       0x2  mac-indirect.o [27]
      .data               inited   0x2000'6886       0x1  child-handling.o [27]
      .data               inited   0x2000'6887       0x1  zigbee-device-util.o [27]
      .data               inited   0x2000'6888       0x1  zigbee-device-util.o [27]
      .data               inited   0x2000'6889       0x3  zdo-channel.o [27]
      .data               inited   0x2000'688c       0x2  token-cache.o [27]
      .data               inited   0x2000'688e       0x1  broadcast.o [27]
      .data               inited   0x2000'688f       0x1  lower-mac-efr32.o [27]
      .data               inited   0x2000'6890       0x1  mac-dispatch.o [27]
      .data               inited   0x2000'6891       0x1  jit.o [27]
      .data               inited   0x2000'6892       0x1  aps-keys-transient.o [23]
      .data               inited   0x2000'6893       0x1  zll-interpan.o [29]
      .data               inited   0x2000'6894       0x1  eeprom.o [26]
      .data               inited   0x2000'6895       0x1  zigbee-device-common.o [26]
      .data               inited   0x2000'6896       0x1  bootloader-interface-app.o [26]
      .data               inited   0x2000'6897       0x1  form-and-join-node-adapter.o [26]
      .data               inited   0x2000'6898       0x1  packet-validate.o [21]
      .data               inited   0x2000'6899       0x1  route-discovery.o [27]
      .data               inited   0x2000'689a       0x1  rfhal_antenna.o [17]
    .bss                           0x2000'68a0    0x6f54  <Block>
      .bss                zero     0x2000'68a0     0x1e0  reporting.o [26]
      .bss                zero     0x2000'6a80      0x54  phy.o [27]
      .bss                zero     0x2000'6ad4      0x14  app_common.o [1]
      .bss                zero     0x2000'6ae8      0x10  mac-indirect.o [27]
      .bss                zero     0x2000'6af8      0xa0  rtcdriver.o [26]
      .bss                zero     0x2000'6b98      0x68  nvm3_default.o [26]
      .bss                zero     0x2000'6c00      0x90  rfhal_bufc.o [17]
      .bss                zero     0x2000'6c90      0x14  generic_phy.o [17]
      .bss                zero     0x2000'6ca4      0x10  app_common.o [1]
      .bss                zero     0x2000'6cb4      0x10  app_common.o [1]
      .bss                zero     0x2000'6cc4      0x1c  network_manager.o [26]
      .bss                zero     0x2000'6ce0       0xc  network_manager.o [26]
      .bss                zero     0x2000'6cec       0x4  network_manager.o [26]
      .bss                zero     0x2000'6cf0      0x1c  dev_gpio.o [26]
      .bss                zero     0x2000'6d0c      0xc0  dev_gpio.o [26]
      .bss                zero     0x2000'6dcc     0x200  dev_evt_pool.o [26]
      .bss                zero     0x2000'6fcc       0xc  dev_evt_pool.o [26]
      .bss                zero     0x2000'6fd8     0x198  dev_evt_pool.o [26]
      .bss                zero     0x2000'7170      0xcc  dev_evt_pool.o [26]
      .bss                zero     0x2000'723c       0x8  dev_evt_pool.o [26]
      .bss                zero     0x2000'7244       0x8  dev_evt_pool.o [26]
      .bss                zero     0x2000'724c      0x34  zigbee_sdk_core.o [26]
      .bss                zero     0x2000'7280       0x8  zigbee_sdk_core.o [26]
      .bss                zero     0x2000'7288      0x1c  zigbee_sdk_core.o [26]
      .bss                zero     0x2000'72a4      0x64  zigbee_sdk_core.o [26]
      .bss                zero     0x2000'7308      0x48  hal_battery.o [26]
      .bss                zero     0x2000'7350    0x1850  hal_uart_api.o [26]
      .bss                zero     0x2000'8ba0      0xa0  create_zigbee_dev.o [26]
      .bss                zero     0x2000'8c40      0x14  create_zigbee_dev.o [26]
      .bss                zero     0x2000'8c54    0x1804  create_zigbee_dev.o [26]
      .bss                zero     0x2000'a458     0x200  create_zigbee_dev.o [26]
      .bss                zero     0x2000'a658     0x204  mf_test.o [26]
      .bss                zero     0x2000'a85c       0x9  mf_test.o [26]
      .bss                zero     0x2000'a865       0x3  security-address-cache.o [26]
      .bss                zero     0x2000'a868      0xa8  mf_test.o [26]
      .bss                zero     0x2000'a910     0x200  mf_test.o [26]
      .bss                zero     0x2000'ab10     0x200  mf_test.o [26]
      .bss                zero     0x2000'ad10       0xc  time_sync.o [26]
      .bss                zero     0x2000'ad1c       0x8  silicon_lab_modify.o [26]
      .bss                zero     0x2000'ad24      0x38  silicon_lab_modify.o [26]
      .bss                zero     0x2000'ad5c       0xc  silicon_lab_modify.o [26]
      .bss                zero     0x2000'ad68       0x8  attribute-storage.o [26]
      .bss                zero     0x2000'ad70       0x4  attribute-storage.o [26]
      .bss                zero     0x2000'ad74       0x8  attribute-storage.o [26]
      .bss                zero     0x2000'ad7c       0x8  attribute-storage.o [26]
      .bss                zero     0x2000'ad84      0x24  ota-client.o [26]
      .bss                zero     0x2000'ada8      0x40  network-steering.o [26]
      .bss                zero     0x2000'ade8       0xc  association.o [27]
      .bss                zero     0x2000'adf4       0xc  association.o [27]
      .bss                zero     0x2000'ae00      0x14  association.o [27]
      .bss                zero     0x2000'ae14       0xc  association.o [27]
      .bss                zero     0x2000'ae20       0x8  neighbor.o [27]
      .bss                zero     0x2000'ae28      0x28  zll-api.o [29]
      .bss                zero     0x2000'ae50      0x18  zll-api.o [29]
      .bss                zero     0x2000'ae68       0xc  zll-api.o [29]
      .bss                zero     0x2000'ae74      0x2c  zll-api.o [29]
      .bss                zero     0x2000'aea0       0xc  leave.o [27]
      .bss                zero     0x2000'aeac       0x4  zigbee_sdk_end_device_handle.o [26]
      .bss                zero     0x2000'aeb0      0x20  zigbee_sdk_end_device_handle.o [26]
      .bss                zero     0x2000'aed0       0x8  system-timer.o [14]
      .bss                zero     0x2000'aed8       0x8  dev_common_utils.o [26]
      .bss                zero     0x2000'aee0       0xc  dev_common_utils.o [26]
      .bss                zero     0x2000'aeec      0x40  gpiointerrupt.o [26]
      .bss                zero     0x2000'af2c     0x800  ecc_use.o [26]
      .bss                zero     0x2000'b72c      0x44  ecc_use.o [26]
      .bss                zero     0x2000'b770      0x10  client-api.o [26]
      .bss                zero     0x2000'b780       0xc  util.o [26]
      .bss                zero     0x2000'b78c      0x20  util.o [26]
      .bss                zero     0x2000'b7ac      0x20  util.o [26]
      .bss                zero     0x2000'b7cc      0x24  tuya_sdk_callbacks.o [26]
      .bss                zero     0x2000'b7f0      0x14  update-tc-link-key.o [26]
      .bss                zero     0x2000'b804      0x30  hal_adc.o [26]
      .bss                zero     0x2000'b834       0x8  ember-multi-network-stub.o [20]
      .bss                zero     0x2000'b83c       0x8  ember-multi-network-stub.o [20]
      .bss                zero     0x2000'b844       0x8  ember-multi-network-stub.o [20]
      .bss                zero     0x2000'b84c       0x8  eui64.o [27]
      .bss                zero     0x2000'b854       0xc  zigbee-dispatch.o [27]
      .bss                zero     0x2000'b860      0x10  message.o [26]
      .bss                zero     0x2000'b870      0x54  message.o [26]
      .bss                zero     0x2000'b8c4       0x8  af-event.o [26]
      .bss                zero     0x2000'b8cc       0x8  af-event.o [26]
      .bss                zero     0x2000'b8d4       0x4  multi-network.o [26]
      .bss                zero     0x2000'b8d8     0x1e0  af-main-common.o [26]
      .bss                zero     0x2000'bab8       0x8  ota-storage-eeprom.o [26]
      .bss                zero     0x2000'bac0      0x7c  green-power-client.o [26]
      .bss                zero     0x2000'bb3c       0x8  reporting.o [26]
      .bss                zero     0x2000'bb44      0x60  service-discovery-common.o [26]
      .bss                zero     0x2000'bba4       0x4  identify.o [26]
      .bss                zero     0x2000'bba8      0x28  find-and-bind-initiator.o [26]
[...]
states                  0x2000'cfec    0x18  Data  Lc  end-device-support.o [26]
statesInitialized       0x2000'd7cc     0x1  Data  Lc  service-discovery-common.o [26]
staticCmd                  0x1'4d9c    0x20  Data  Lc  util.o [26]
status                     0x1'4dd1    0x1c  Code  Lc  call-command-handler.o [26]
storageHasFullImage     0x2000'bf24     0x1  Data  Lc  ota-storage-simple.o [26]
storageSlot             0x2000'd004     0x4  Data  Lc  bootloader-interface-app.o [26]
storeAndForwardDelayCount
                        0x2000'c14c     0x1  Data  Lc  store-forward.o [27]
storeAndForwardSubmitCount
                        0x2000'c14d     0x1  Data  Lc  store-forward.o [27]
storeData                    0xfa11     0xe  Code  Lc  ota-client.o [26]
storedKeysList          0x2000'6892     0x1  Data  Lc  aps-keys-transient.o [23]
storedNetworks          0x2000'6878     0x1  Data  Lc  network-steering-soc.o [26]
storedSleepControl      0x2000'bf2d     0x1  Data  Lc  ota-storage-eeprom-page-erase.o [26]
strchr                     0x3'3c41          Code  Gb  strchr.o [22]
strcpy                     0x1'11d1          Code  Gb  strcpy.o [22]
strlen                     0x1'1199          Code  Gb  strlen.o [22]
subBandConfigs             0x3'93e4    0x14  Data  Lc  radio_config_em3xxx_2.4GHz.o [27]
subBandParams              0x3'93d0    0x14  Data  Lc  radio_config_em3xxx_2.4GHz.o [27]
submitCount             0x2000'bfc1     0x1  Data  Lc  retry.o [27]
superRetriesIntervalForMacDataPoll
                        0x2000'bfac     0x1  Data  Lc  network.o [27]
suspendRadioOnAtStartup
                        0x2000'ae68     0x1  Data  Lc  zll-api.o [29]
symbolDelayCallbacks    0x2000'd45c     0x8  Data  Lc  symbol-timer.o [27]
systemTimerId           0x2000'aed4     0x4  Data  Lc  system-timer.o [14]
systick_handle               0x61bd    0x36  Code  Lc  dev_evt_pool.o [26]
tail                    0x2000'bcf5     0x1  Data  Lc  scan-dispatch.o [26]
tamper_info             0x2000'6cb4    0x10  Data  Gb  app_common.o [1]
targetEui64             0x2000'c184     0x8  Data  Lc  zll-interpan.o [29]
targetResponses         0x2000'bba8    0x14  Data  Lc  find-and-bind-initiator.o [26]
targetResponsesReceived
                        0x2000'bbbc     0x1  Data  Lc  find-and-bind-initiator.o [26]
tcLinkKeyUpdateRetryTimes
                        0x2000'b7f1     0x1  Data  Gb  update-tc-link-key.o [26]
tempdrvHighCallbacks    0x2000'd3d4    0x28  Data  Lc  tempdrv.o [26]
tempdrvLowCallbacks     0x2000'd40c    0x28  Data  Lc  tempdrv.o [26]
terminateScanRequest       0x2'2fdf    0x28  Code  Lc  zdo-channel.o [27]
theirLastTransactionId  0x2000'c178     0x4  Data  Lc  zll-interpan.o [29]
thrHard                    0x1'8baf    0x20  Code  Lc  nvm3.o [16]
thrSize                    0x1'8bfd     0xa  Code  Lc  nvm3.o [16]
thrSoftMinimum             0x1'8bcf    0x20  Code  Lc  nvm3.o [16]
thrSoftUser                0x1'8bef     0xe  Code  Lc  nvm3.o [16]
timeElapsed             0x2000'c1ac     0x1  Data  Lc  ustimer.o [26]
time_server_tick_update
                             0xd831    0x6a  Code  Gb  time_sync.o [26]
time_server_tick_update::last_tick
                        0x2000'ad14     0x4  Data  Lc  time_sync.o [26]
time_server_tick_update::remain_tick
                        0x2000'ad18     0x4  Data  Lc  time_sync.o [26]
timeoutPools               0x2'2c5d    0xd8  Code  Lc  mac-indirect.o [27]
timer                   0x2000'6af8    0xa0  Data  Lc  rtcdriver.o [26]
timerPrsConfig             0x2'd7c9    0x4c  Code  Lc  em_timer.o [26]
tokenArraySize             0x3'87a0    0x64  Data  Gb  token-def.o [26]
tokenDefaults              0x3'9000   0x190  Data  Gb  token-def.o [26]
tokenFlagsToSizeArray      0x3'3a80     0x4  Data  Lc  install-code-tokens.o [15]
tokenIsCnt                 0x3'8674    0x64  Data  Gb  token-def.o [26]
tokenIsIdx                 0x3'86d8    0x64  Data  Gb  token-def.o [26]
tokenNvm3Keys              0x3'84e4   0x190  Data  Gb  token-def.o [26]
tokenSize                  0x3'873c    0x64  Data  Gb  token-def.o [26]
tokensActive            0x2000'd7bf     0x1  Data  Lc  token.o [26]
totalImageSize          0x2000'ada0     0x4  Data  Lc  ota-client.o [26]
totalInitialChildren    0x2000'c05f     0x1  Data  Gb  zigbee-device-util.o [27]
total_singlone_token_attr_data
                        0x2000'8c4c     0x4  Data  Gb  create_zigbee_dev.o [26]
total_token_attr_data   0x2000'8c48     0x4  Data  Gb  create_zigbee_dev.o [26]
traceClkGet                0x1'628f    0x52  Code  Lc  em_cmu.o [26]
transactionExpirationTimeMS
                        0x2000'c180     0x4  Data  Lc  zll-interpan.o [29]
transientKeyFinish         0x3'36eb    0x38  Code  Lc  aps-keys-transient.o [23]
transportKeyFrameSizes     0x2'fa90     0x8  Data  Lc  packet-validate.o [21]
tryNextMethod                0xec49    0x2c  Code  Lc  network-steering.o [26]
tryToJoinNetwork             0xea71    0x6a  Code  Gb  network-steering.o [26]
tuya_sdk_log_init          0x2'e847     0x2  Code  Gb  tuya_sdk_callbacks.o [26]
tuya_sdk_patch_handle      0x2'e845     0x2  Code  Gb  tuya_sdk_callbacks.o [26]
tuya_sdk_patch_pid         0x2'e7df    0x62  Code  Lc  tuya_sdk_callbacks.o [26]
tuya_sdk_patch_pid_handle
                           0x2'e771    0x6e  Code  Lc  tuya_sdk_callbacks.o [26]
txCcaTries              0x2000'6a98     0x1  Data  Lc  phy.o [27]
txCompleted                0x2'24af    0x26  Code  Lc  lower-mac-efr32.o [27]
txCsmaTries                0x1'bc25    0xe6  Code  Lc  phy.o [27]
txOptions               0x2000'6ad0     0x4  Data  Lc  phy.o [27]
txParams                0x2000'6a80     0xc  Data  Lc  phy.o [27]
txSchedulerInfo         0x2000'658c     0xc  Data  Lc  phy.o [27]
txState                 0x2000'6a96     0x1  Data  Lc  phy.o [27]
typeSensitiveMemCopy       0x1'417d    0x84  Code  Gb  attribute-storage.o [26]
uECC_secp160r1             0x2'9dbd     0x6  Code  Gb  uECC.o [26]
uECC_verify                0x2'a0b7   0x33e  Code  Gb  uECC.o [26]
uECC_verify::_public    0x2000'ce24    0x40  Data  Lc  uECC.o [26]
uECC_verify::r          0x2000'cd04    0x20  Data  Lc  uECC.o [26]
uECC_verify::rx         0x2000'cce4    0x20  Data  Lc  uECC.o [26]
uECC_verify::ry         0x2000'cda4    0x20  Data  Lc  uECC.o [26]
uECC_verify::s          0x2000'cd24    0x20  Data  Lc  uECC.o [26]
uECC_verify::sum        0x2000'cd64    0x40  Data  Lc  uECC.o [26]
uECC_verify::tx         0x2000'cdc4    0x20  Data  Lc  uECC.o [26]
uECC_verify::ty         0x2000'cde4    0x20  Data  Lc  uECC.o [26]
uECC_verify::tz         0x2000'ce04    0x20  Data  Lc  uECC.o [26]
uECC_verify::u1         0x2000'ccc4    0x20  Data  Lc  uECC.o [26]
uECC_verify::u2         0x2000'cd44    0x20  Data  Lc  uECC.o [26]
uECC_verify::z          0x2000'cca4    0x20  Data  Lc  uECC.o [26]
uECC_vli_add               0x2'9673    0x30  Code  Lc  uECC.o [26]
uECC_vli_bytesToNative     0x2'9fcd    0x46  Code  Lc  uECC.o [26]
uECC_vli_clear             0x2'9531    0x20  Code  Lc  uECC.o [26]
uECC_vli_cmp_unsafe        0x2'95fb    0x30  Code  Lc  uECC.o [26]
uECC_vli_equal             0x2'962b    0x2a  Code  Lc  uECC.o [26]
uECC_vli_isZero            0x2'9551    0x2a  Code  Lc  uECC.o [26]
uECC_vli_mmod              0x2'981d   0x114  Code  Lc  uECC.o [26]
uECC_vli_mmod::mod_multiple
                        0x2000'cb24    0x40  Data  Lc  uECC.o [26]
uECC_vli_mmod::tmp      0x2000'cb64    0x40  Data  Lc  uECC.o [26]
uECC_vli_modAdd            0x2'97c7    0x32  Code  Lc  uECC.o [26]
uECC_vli_modInv            0x2'99c1   0x164  Code  Lc  uECC.o [26]
uECC_vli_modInv::a      0x2000'cc24    0x20  Data  Lc  uECC.o [26]
uECC_vli_modInv::b      0x2000'cc44    0x20  Data  Lc  uECC.o [26]
uECC_vli_modInv::u      0x2000'cc64    0x20  Data  Lc  uECC.o [26]
uECC_vli_modInv::v      0x2000'cc84    0x20  Data  Lc  uECC.o [26]
uECC_vli_modMult           0x2'9939    0x26  Code  Lc  uECC.o [26]
uECC_vli_modMult::product
                        0x2000'cba4    0x40  Data  Lc  uECC.o [26]
uECC_vli_modMult_fast      0x2'995f    0x22  Code  Lc  uECC.o [26]
uECC_vli_modMult_fast::product
                        0x2000'cbe4    0x40  Data  Lc  uECC.o [26]
uECC_vli_modSquare_fast
                           0x2'9981     0x6  Code  Lc  uECC.o [26]
uECC_vli_modSub            0x2'97f9    0x24  Code  Lc  uECC.o [26]
uECC_vli_mult              0x2'9703    0xc4  Code  Lc  uECC.o [26]
uECC_vli_numBits           0x2'95b1    0x2e  Code  Lc  uECC.o [26]
uECC_vli_rshift1           0x2'9655    0x1e  Code  Lc  uECC.o [26]
uECC_vli_set               0x2'95df    0x1c  Code  Lc  uECC.o [26]
uECC_vli_sub               0x2'96a3    0x32  Code  Lc  uECC.o [26]
uECC_vli_testBit           0x2'957b    0x18  Code  Lc  uECC.o [26]
uart0_init_flag         0x2000'd7b3     0x1  Data  Lc  hal_uart_api.o [26]
uart1_init_flag         0x2000'd7b4     0x1  Data  Lc  hal_uart_api.o [26]
uart_RxGpioWakeInit          0x4ddb    0x46  Code  Lc  hal_uart_api.o [26]
uart_config             0x2000'6ad4    0x14  Data  Gb  app_common.o [1]
uart_init                    0x4481    0x10  Code  Gb  app_common.o [1]
uart_printf                  0x4c57    0x1a  Code  Gb  hal_uart_api.o [26]
uart_queue_init              0x4ad9    0x20  Code  Lc  hal_uart_api.o [26]
uart_receive_input           0x4c71    0x4a  Code  Lc  hal_uart_api.o [26]
uart_rxGpioIntDisable        0x4e31    0x10  Code  Lc  hal_uart_api.o [26]
uart_rxGpioIntEnable         0x4e21    0x10  Code  Lc  hal_uart_api.o [26]
uart_rx_awkeup_flag     0x2000'd7b5     0x1  Data  Lc  hal_uart_api.o [26]
uart_rx_evt_handle           0x4d9f     0xe  Code  Lc  hal_uart_api.o [26]
unicastHead             0x2000'c090     0x1  Data  Lc  unicast-table.o [27]
unsolicitedChannelReport
                        0x2000'c072     0x1  Data  Lc  zdo-channel.o [27]
unusedOriginalChannelMaskCache
                        0x2000'bf9c     0x4  Data  Lc  scan.o [27]
unusedPanIdCache        0x2000'bf72     0x2  Data  Lc  scan.o [27]
unusualWakeupTimeout    0x2000'62ec     0x4  Data  Lc  zigbee_sdk_end_device_handle.o [26]
updateCurrentImageAttributes
                             0xeead     0x2  Code  Lc  ota-client.o [26]
updateCurrentOffset          0xf079    0x20  Code  Lc  ota-client.o [26]
updateDownloadFileVersion
                             0xf099     0x8  Code  Lc  ota-client.o [26]
updateEvents               0x1'c10f    0x4c  Code  Lc  phy.o [27]
updateInterrupts           0x2'e38b    0xc2  Code  Lc  tempdrv.o [26]
updateMinBlockRequestPeriodAttribute
                             0xeeaf     0x8  Code  Lc  ota-client.o [26]
updateTcLinkKeyState    0x2000'd7d8     0x1  Data  Lc  aps-keys.o [23]
upgradeEndResponseParse
                             0xfbed   0x102  Code  Lc  ota-client.o [26]
upperMacState           0x2000'bfd0    0x38  Data  Gb  upper-mac.o [27]
usart0_tx_data               0x4be1    0x24  Code  Lc  hal_uart_api.o [26]
usart1_tx_data               0x4c1d    0x24  Code  Lc  hal_uart_api.o [26]
useLegacyTimeoutMethod  0x2000'd7df     0x1  Data  Gb  child-handling.o [27]
usePageRequest          0x2000'ad87     0x1  Data  Lc  ota-client.o [26]
user_uart_disable            0x4a19    0x96  Code  Gb  hal_uart_api.o [26]
user_uart_init               0x4905   0x114  Code  Gb  hal_uart_api.o [26]
user_uart_send               0x4aaf    0x2a  Code  Gb  hal_uart_api.o [26]
vFillBuffer                0x1'5241   0x17e  Code  Lc  client-api.o [26]
vFillBufferExt             0x1'53bf   0x17a  Code  Lc  client-api.o [26]
validateObj                0x1'9507    0x26  Code  Lc  nvm3.o [16]
validateObjFragments       0x1'92db   0x226  Code  Lc  nvm3.o [16]
verifyMainBootloaderVersion
                           0x2'eef1    0x4c  Code  Lc  bootloader-interface-app.o [26]
vli_mmod_fast_secp160r1
                           0x2'9dc3    0x84  Code  Lc  uECC.o [26]
vli_modInv_update          0x2'9987    0x3a  Code  Lc  uECC.o [26]
vli_numDigits              0x2'9593    0x1e  Code  Lc  uECC.o [26]
waitStateMax               0x1'62e1     0xa  Code  Lc  em_cmu.o [26]
waitStateSet               0x1'62eb    0x44  Code  Lc  em_cmu.o [26]
waitingForResponse      0x2000'ad86     0x1  Data  Lc  ota-client.o [26]
wakeInfo                0x2000'c1b8     0x4  Data  Lc  sleep-efm32.o [26]
walkDelayQueue             0x2'44fd    0xde  Code  Lc  retry.o [27]
walkStoreAndForwardQueue
                           0x3'1041   0x108  Code  Lc  store-forward.o [27]
wallClockOverflowCnt    0x2000'c1a4     0x4  Data  Lc  rtcdriver.o [26]
wallClockTimeBase       0x2000'c1a8     0x4  Data  Lc  rtcdriver.o [26]
wdog0ClkGet                0x1'6331    0x50  Code  Lc  em_cmu.o [26]
wdog1ClkGet                0x1'6381    0x50  Code  Lc  em_cmu.o [26]
wordSize                0x2000'd7e9     0x1  Data  Lc  eeprom.o [26]
workBegin                  0x1'a0e7    0x16  Code  Lc  nvm3.o [16]
workEnd                    0x1'a0fd    0x14  Code  Lc  nvm3.o [16]
writeBurst              0x2000'5ef3    0x5a  Code  Gb  em_msc.o [26]
writeFullAllowed           0x1'8c07    0x18  Code  Lc  nvm3.o [16]
writeIdentifyTime          0x2'abd1    0x18  Code  Lc  identify.o [26]
writeMessage               0x1'0f2d    0xaa  Code  Lc  packet-buffer.o [27]
writeObj                   0x1'8da7   0x2b4  Code  Lc  nvm3.o [16]
writeServerAttribute         0xde61    0x10  Code  Lc  scenes.o [26]
writeTime                  0x2'f2d1    0x18  Code  Lc  time-server.o [26]
writeZllTokens             0x3'3069     0xc  Code  Lc  zll-tokens.o [29]
x_side_default             0x2'9c91    0x52  Code  Lc  uECC.o [26]
zcl_delay_send               0x7e79    0x4a  Code  Gb  zigbee_sdk_core.o [26]
zcl_group_send_result_handle
                             0x7ed1     0x2  Code  Lc  zigbee_sdk_core.o [26]
zcl_send_handle              0x7d31   0x10e  Code  Lc  zigbee_sdk_core.o [26]
zcl_send_queue_is_waitting_ack
                             0x7e3f    0x3a  Code  Lc  zigbee_sdk_core.o [26]
zdoConfigurationModeEnabled
                        0x2000'6888     0x1  Data  Gb  zigbee-device-util.o [27]
zeroLenByte             0x2000'd7a0     0x2  Data  Lc  message.o [26]
zeroLenBytePtr          0x2000'632c     0x4  Data  Lc  message.o [26]
zg_dev_init                0x2'5b05    0x24  Code  Gb  device_register.o [1]
zg_end_device_ota_end_handle
                             0x99e5     0xe  Code  Gb  zigbee_sdk_end_device_handle.o [26]
zg_end_device_ota_start_handle
                             0x99cb    0x1a  Code  Gb  zigbee_sdk_end_device_handle.o [26]
zg_end_device_send_data_handle
                             0x99a1    0x2a  Code  Gb  zigbee_sdk_end_device_handle.o [26]
zg_found_tuya_gw_is_valid
                             0x64b1    0x26  Code  Gb  network_manager.o [26]
zg_found_tuya_gw_time        0x64a3     0xe  Code  Gb  network_manager.o [26]
zg_get_join_gw_type          0x7119    0x1e  Code  Gb  network_manager.o [26]
zg_get_join_type             0x70fd    0x1c  Code  Gb  network_manager.o [26]
zg_identify_time_clear       0xc40d    0x34  Code  Gb  silicon_lab_modify.o [26]
zg_install_code_config     0x1'3eb1    0x46  Code  Gb  update-tc-link-key.o [26]
zg_is_allow_ota              0x653f     0xe  Code  Gb  network_manager.o [26]
zg_is_busy                   0x9763    0x66  Code  Gb  zigbee_sdk_end_device_handle.o [26]
zg_is_end_device             0x96a5    0x12  Code  Gb  zigbee_sdk_end_device_handle.o [26]
zg_is_join                   0x6689    0x16  Code  Gb  network_manager.o [26]
zg_join_tuya_gw_handle       0x647f    0x24  Code  Gb  network_manager.o [26]
zg_ota_end_callback          0x8499    0x32  Code  Gb  zigbee_sdk_core.o [26]
zg_ota_is_auto_start         0xc441     0x6  Code  Gb  silicon_lab_modify.o [26]
zg_ota_start_callback        0x848b     0xe  Code  Gb  zigbee_sdk_core.o [26]
zg_poll_control              0x9709    0x5a  Code  Gb  zigbee_sdk_end_device_handle.o [26]
zg_poll_end                  0x96f9     0xc  Code  Gb  zigbee_sdk_end_device_handle.o [26]
zg_poll_interval_change
                             0x96b7     0xa  Code  Gb  zigbee_sdk_end_device_handle.o [26]
zg_poll_manual               0x9705     0x4  Code  Gb  zigbee_sdk_end_device_handle.o [26]
zg_poll_start                0x96c1    0x38  Code  Gb  zigbee_sdk_end_device_handle.o [26]
zg_rejoin_inner              0x98ff     0xe  Code  Gb  zigbee_sdk_end_device_handle.o [26]
zg_rejoin_jump_over_all_scan
                             0x990d    0x3a  Code  Gb  zigbee_sdk_end_device_handle.o [26]
zg_rejoin_manual             0x98e5    0x1a  Code  Gb  zigbee_sdk_end_device_handle.o [26]
zg_sdk_flag_load             0x641f    0x60  Code  Gb  network_manager.o [26]
zg_sdk_info_join_type_centralized_set
                             0x652d    0x12  Code  Gb  network_manager.o [26]
zg_sdk_info_join_type_distribute_set
                             0x651b    0x12  Code  Gb  network_manager.o [26]
zg_sdk_info_save             0x63ed    0x32  Code  Gb  network_manager.o [26]
zg_sdk_save_tuya_gw_flag
                             0x64d7    0x44  Code  Gb  network_manager.o [26]
zg_wake_up                   0x968d    0x18  Code  Gb  zigbee_sdk_end_device_handle.o [26]
zigDevApsStruct         0x2000'c06c     0x4  Data  Lc  zigbee-device-util.o [27]
zigDevRequestRadius     0x2000'6895     0x1  Data  Gb  zigbee-device-common.o [26]
zigDevRequestSequence   0x2000'c05c     0x1  Data  Lc  zigbee-device-util.o [27]
zigDevRequestSequence   0x2000'd7ea     0x1  Data  Lc  zigbee-device-common.o [26]
zig_dev_desc_model         0x3'8140    0x14  Data  Gb  device_register.o [1]
zig_ias_enroll_request_with_client
                             0x5a49    0xa2  Code  Gb  ias_zone_cluster.o [1]
zig_report_battery_voltage
                             0x46df    0x76  Code  Gb  app_common.o [1]
zigbee_basic_info_install
                             0x825d   0x1e4  Code  Lc  zigbee_sdk_core.o [26]
zigbee_direct_ack            0x78cb    0x1c  Code  Gb  zigbee_sdk_core.o [26]
zigbee_join_handle           0x6b41   0x130  Code  Gb  network_manager.o [26]
zigbee_join_timeout_check
                             0x6aa9    0x26  Code  Gb  network_manager.o [26]
zigbee_sdk_scene_add_handle
                             0x84cb    0x52  Code  Gb  zigbee_sdk_core.o [26]
zigbee_sdk_scene_recall_handle
                             0x851d    0x58  Code  Gb  zigbee_sdk_core.o [26]
zigbee_sdk_scene_remove_before_add
                           0x1'd777     0x4  Code  Wk  scenes.o [26]
zigbee_short_addr_check
                             0x6acf    0x30  Code  Gb  network_manager.o [26]
zigbee_short_addr_init       0x6aff     0xa  Code  Gb  network_manager.o [26]
zllNodeType             0x2000'ae39     0x1  Data  Lc  zll-api.o [29]
zllPrimaryChannelMask   0x2000'ae4c     0x4  Data  Lc  zll-api.o [29]
zllSequenceNum          0x2000'd7e3     0x1  Data  Lc  zll-interpan.o [29]


[1] = D:\tuyaOS\tuya-zigbee-sdk-mg21\app\simple_contact_sensor\EFR32MG21A020F768\build\obj
[2] = binding-table-library.a
[3] = cbke-163k1-stub-library.a
[4] = cbke-283k1-stub-library.a
[5] = cbke-library-dsa-sign-stub.a
[6] = cbke-library-dsa-verify-283k1-stub.a
[7] = cbke-library-dsa-verify-stub.a
[8] = cbke-stub-library.a
[9] = debug-basic-stub-library.a
[10] = debug-extended-stub-library.a
[11] = dl7M_tln.a
[12] = end-device-bind-stub-library.a
[13] = gp-stub-library.a
[14] = hal-library.a
[15] = install-code-library.a
[16] = libnvm3_CM33_iar.a
[17] = librail_efr32xg21_iar_release.a
[18] = m7M_tls.a
[19] = mfglib-library.a
[20] = multi-network-stub-library.a
[21] = packet-validate-library.a
[22] = rt7M_tl.a
[23] = security-library-core.a
[24] = security-library-link-keys-stub.a
[25] = sim-eeprom2-to-nvm3-upgrade-stub-library.a
[26] = tuya_sdk.a
[27] = zigbee-pro-stack.a
[28] = zigbee-r22-support-stub-library.a
[29] = zll-library.a

  211'736 bytes of readonly  code memory
      352 bytes of readwrite code memory
   13'702 bytes of readonly  data memory
   99'279 bytes of readwrite data memory

Errors: none
Warnings: none
